Archive member included to satisfy reference by file (symbol)

c:/intelfpga_lite/23.1std/nios2eds/bin/gnu/h-x86_64-mingw32/bin/../lib/gcc/nios2-elf/12.3.1/../../../../../H-x86_64-mingw32/nios2-elf/lib/mno-hw-mul\libc.a(libc_a-printf.o)
                              obj/default/hello_world.o (printf)
c:/intelfpga_lite/23.1std/nios2eds/bin/gnu/h-x86_64-mingw32/bin/../lib/gcc/nios2-elf/12.3.1/../../../../../H-x86_64-mingw32/nios2-elf/lib/mno-hw-mul\libc.a(libc_a-impure.o)
                              c:/intelfpga_lite/23.1std/nios2eds/bin/gnu/h-x86_64-mingw32/bin/../lib/gcc/nios2-elf/12.3.1/../../../../../H-x86_64-mingw32/nios2-elf/lib/mno-hw-mul\libc.a(libc_a-printf.o) (_impure_ptr)
c:/intelfpga_lite/23.1std/nios2eds/bin/gnu/h-x86_64-mingw32/bin/../lib/gcc/nios2-elf/12.3.1/../../../../../H-x86_64-mingw32/nios2-elf/lib/mno-hw-mul\libc.a(libc_a-vfprintf.o)
                              c:/intelfpga_lite/23.1std/nios2eds/bin/gnu/h-x86_64-mingw32/bin/../lib/gcc/nios2-elf/12.3.1/../../../../../H-x86_64-mingw32/nios2-elf/lib/mno-hw-mul\libc.a(libc_a-printf.o) (___vfprintf_internal_r)
c:/intelfpga_lite/23.1std/nios2eds/bin/gnu/h-x86_64-mingw32/bin/../lib/gcc/nios2-elf/12.3.1/../../../../../H-x86_64-mingw32/nios2-elf/lib/mno-hw-mul\libc.a(libc_a-vfiprintf.o)
                              c:/intelfpga_lite/23.1std/nios2eds/bin/gnu/h-x86_64-mingw32/bin/../lib/gcc/nios2-elf/12.3.1/../../../../../H-x86_64-mingw32/nios2-elf/lib/mno-hw-mul\libc.a(libc_a-vfprintf.o) (__sprint_r)
c:/intelfpga_lite/23.1std/nios2eds/bin/gnu/h-x86_64-mingw32/bin/../lib/gcc/nios2-elf/12.3.1/../../../../../H-x86_64-mingw32/nios2-elf/lib/mno-hw-mul\libc.a(libc_a-fflush.o)
                              c:/intelfpga_lite/23.1std/nios2eds/bin/gnu/h-x86_64-mingw32/bin/../lib/gcc/nios2-elf/12.3.1/../../../../../H-x86_64-mingw32/nios2-elf/lib/mno-hw-mul\libc.a(libc_a-vfprintf.o) (_fflush_r)
c:/intelfpga_lite/23.1std/nios2eds/bin/gnu/h-x86_64-mingw32/bin/../lib/gcc/nios2-elf/12.3.1/../../../../../H-x86_64-mingw32/nios2-elf/lib/mno-hw-mul\libc.a(libc_a-findfp.o)
                              c:/intelfpga_lite/23.1std/nios2eds/bin/gnu/h-x86_64-mingw32/bin/../lib/gcc/nios2-elf/12.3.1/../../../../../H-x86_64-mingw32/nios2-elf/lib/mno-hw-mul\libc.a(libc_a-fflush.o) (__sglue)
c:/intelfpga_lite/23.1std/nios2eds/bin/gnu/h-x86_64-mingw32/bin/../lib/gcc/nios2-elf/12.3.1/../../../../../H-x86_64-mingw32/nios2-elf/lib/mno-hw-mul\libc.a(libc_a-fvwrite.o)
                              c:/intelfpga_lite/23.1std/nios2eds/bin/gnu/h-x86_64-mingw32/bin/../lib/gcc/nios2-elf/12.3.1/../../../../../H-x86_64-mingw32/nios2-elf/lib/mno-hw-mul\libc.a(libc_a-vfiprintf.o) (__sfvwrite_r)
c:/intelfpga_lite/23.1std/nios2eds/bin/gnu/h-x86_64-mingw32/bin/../lib/gcc/nios2-elf/12.3.1/../../../../../H-x86_64-mingw32/nios2-elf/lib/mno-hw-mul\libc.a(libc_a-fwalk.o)
                              c:/intelfpga_lite/23.1std/nios2eds/bin/gnu/h-x86_64-mingw32/bin/../lib/gcc/nios2-elf/12.3.1/../../../../../H-x86_64-mingw32/nios2-elf/lib/mno-hw-mul\libc.a(libc_a-fflush.o) (_fwalk_sglue)
c:/intelfpga_lite/23.1std/nios2eds/bin/gnu/h-x86_64-mingw32/bin/../lib/gcc/nios2-elf/12.3.1/../../../../../H-x86_64-mingw32/nios2-elf/lib/mno-hw-mul\libc.a(libc_a-stdio.o)
                              c:/intelfpga_lite/23.1std/nios2eds/bin/gnu/h-x86_64-mingw32/bin/../lib/gcc/nios2-elf/12.3.1/../../../../../H-x86_64-mingw32/nios2-elf/lib/mno-hw-mul\libc.a(libc_a-findfp.o) (__sread)
c:/intelfpga_lite/23.1std/nios2eds/bin/gnu/h-x86_64-mingw32/bin/../lib/gcc/nios2-elf/12.3.1/../../../../../H-x86_64-mingw32/nios2-elf/lib/mno-hw-mul\libc.a(libc_a-wsetup.o)
                              c:/intelfpga_lite/23.1std/nios2eds/bin/gnu/h-x86_64-mingw32/bin/../lib/gcc/nios2-elf/12.3.1/../../../../../H-x86_64-mingw32/nios2-elf/lib/mno-hw-mul\libc.a(libc_a-vfprintf.o) (__swsetup_r)
c:/intelfpga_lite/23.1std/nios2eds/bin/gnu/h-x86_64-mingw32/bin/../lib/gcc/nios2-elf/12.3.1/../../../../../H-x86_64-mingw32/nios2-elf/lib/mno-hw-mul\libc.a(libc_a-fputwc.o)
                              c:/intelfpga_lite/23.1std/nios2eds/bin/gnu/h-x86_64-mingw32/bin/../lib/gcc/nios2-elf/12.3.1/../../../../../H-x86_64-mingw32/nios2-elf/lib/mno-hw-mul\libc.a(libc_a-vfiprintf.o) (_fputwc_r)
c:/intelfpga_lite/23.1std/nios2eds/bin/gnu/h-x86_64-mingw32/bin/../lib/gcc/nios2-elf/12.3.1/../../../../../H-x86_64-mingw32/nios2-elf/lib/mno-hw-mul\libc.a(libc_a-memchr.o)
                              c:/intelfpga_lite/23.1std/nios2eds/bin/gnu/h-x86_64-mingw32/bin/../lib/gcc/nios2-elf/12.3.1/../../../../../H-x86_64-mingw32/nios2-elf/lib/mno-hw-mul\libc.a(libc_a-vfprintf.o) (memchr)
c:/intelfpga_lite/23.1std/nios2eds/bin/gnu/h-x86_64-mingw32/bin/../lib/gcc/nios2-elf/12.3.1/../../../../../H-x86_64-mingw32/nios2-elf/lib/mno-hw-mul\libc.a(libc_a-memcpy.o)
[...]
Memory Configuration

Name             Origin             Length             Attributes
reset            0x00040000         0x00000020
ram              0x00040020         0x0003ffe0
*default*        0x00000000         0xffffffff

Linker script and memory map

LOAD c:/Users/jacob/Documents/Quartus/Prosjektoppgave/I2C_MCU/software/KJIPPER_TAK_2_bsp//obj/HAL/src/crt0.o
LOAD obj/default/hello_world.o
LOAD c:/intelfpga_lite/23.1std/nios2eds/bin/gnu/h-x86_64-mingw32/bin/../lib/gcc/nios2-elf/12.3.1/../../../../../H-x86_64-mingw32/nios2-elf/lib/mno-hw-mul\libstdc++.a
LOAD c:/intelfpga_lite/23.1std/nios2eds/bin/gnu/h-x86_64-mingw32/bin/../lib/gcc/nios2-elf/12.3.1/../../../../../H-x86_64-mingw32/nios2-elf/lib/mno-hw-mul\libm.a
LOAD c:/intelfpga_lite/23.1std/nios2eds/bin/gnu/h-x86_64-mingw32/bin/../lib/gcc/nios2-elf/12.3.1/mno-hw-mul\libgcc.a
START GROUP
LOAD c:/intelfpga_lite/23.1std/nios2eds/bin/gnu/h-x86_64-mingw32/bin/../lib/gcc/nios2-elf/12.3.1/../../../../../H-x86_64-mingw32/nios2-elf/lib/mno-hw-mul\libc.a
LOAD c:/intelfpga_lite/23.1std/nios2eds/bin/gnu/h-x86_64-mingw32/bin/../lib/gcc/nios2-elf/12.3.1/mno-hw-mul\libgcc.a
LOAD c:/Users/jacob/Documents/Quartus/Prosjektoppgave/I2C_MCU/software/KJIPPER_TAK_2_bsp/\libhal_bsp.a
LOAD c:/intelfpga_lite/23.1std/nios2eds/bin/gnu/h-x86_64-mingw32/bin/../lib/gcc/nios2-elf/12.3.1/../../../../../H-x86_64-mingw32/nios2-elf/lib/mno-hw-mul\libm.a
END GROUP
LOAD c:/intelfpga_lite/23.1std/nios2eds/bin/gnu/h-x86_64-mingw32/bin/../lib/gcc/nios2-elf/12.3.1/mno-hw-mul\libgcc.a
                0x00040000                        __alt_mem_ram = 0x40000

.entry          0x00040000       0x20
 *(.entry)
 .entry         0x00040000       0x20 c:/Users/jacob/Documents/Quartus/Prosjektoppgave/I2C_MCU/software/KJIPPER_TAK_2_bsp//obj/HAL/src/crt0.o
                0x00040000                __reset

.exceptions     0x00040020      0x204
                0x00040020                        PROVIDE (__ram_exceptions_start = ABSOLUTE (.))
                0x00040020                        . = ALIGN (0x20)
 *(.irq)
 *(.exceptions.entry.label)
 .exceptions.entry.label
                0x00040020        0x0 c:/Users/jacob/Documents/Quartus/Prosjektoppgave/I2C_MCU/software/KJIPPER_TAK_2_bsp/\libhal_bsp.a(alt_irq_entry.o)
                0x00040020                alt_irq_entry
 .exceptions.entry.label
                0x00040020        0x0 c:/Users/jacob/Documents/Quartus/Prosjektoppgave/I2C_MCU/software/KJIPPER_TAK_2_bsp/\libhal_bsp.a(alt_exception_entry.o)
                0x00040020                alt_exception
 *(.exceptions.entry.user)
 *(.exceptions.entry.ecc_fatal)
 *(.exceptions.entry)
 .exceptions.entry
                0x00040020       0x54 c:/Users/jacob/Documents/Quartus/Prosjektoppgave/I2C_MCU/software/KJIPPER_TAK_2_bsp/\libhal_bsp.a(alt_exception_entry.o)
 *(.exceptions.irqtest.user)
 *(.exceptions.irqtest)
 .exceptions.irqtest
                0x00040074       0x10 c:/Users/jacob/Documents/Quartus/Prosjektoppgave/I2C_MCU/software/KJIPPER_TAK_2_bsp/\libhal_bsp.a(alt_irq_entry.o)
 *(.exceptions.irqhandler.user)
 *(.exceptions.irqhandler)
 .exceptions.irqhandler
                0x00040084        0x4 c:/Users/jacob/Documents/Quartus/Prosjektoppgave/I2C_MCU/software/KJIPPER_TAK_2_bsp/\libhal_bsp.a(alt_irq_entry.o)
 *(.exceptions.irqreturn.user)
 *(.exceptions.irqreturn)
 .exceptions.irqreturn
                0x00040088        0x4 c:/Users/jacob/Documents/Quartus/Prosjektoppgave/I2C_MCU/software/KJIPPER_TAK_2_bsp/\libhal_bsp.a(alt_irq_entry.o)
 *(.exceptions.notirq.label)
 .exceptions.notirq.label
                0x0004008c        0x0 c:/Users/jacob/Documents/Quartus/Prosjektoppgave/I2C_MCU/software/KJIPPER_TAK_2_bsp/\libhal_bsp.a(alt_irq_entry.o)
 *(.exceptions.notirq.user)
 *(.exceptions.notirq)
 .exceptions.notirq
                0x0004008c        0x8 c:/Users/jacob/Documents/Quartus/Prosjektoppgave/I2C_MCU/software/KJIPPER_TAK_2_bsp/\libhal_bsp.a(alt_exception_entry.o)
 *(.exceptions.soft.user)
 *(.exceptions.soft)
 *(.exceptions.unknown.user)
 *(.exceptions.unknown)
 .exceptions.unknown
                0x00040094       0x14 c:/Users/jacob/Documents/Quartus/Prosjektoppgave/I2C_MCU/software/KJIPPER_TAK_2_bsp/\libhal_bsp.a(alt_exception_entry.o)
 *(.exceptions.exit.label)
 .exceptions.exit.label
                0x000400a8        0x0 c:/Users/jacob/Documents/Quartus/Prosjektoppgave/I2C_MCU/software/KJIPPER_TAK_2_bsp/\libhal_bsp.a(alt_irq_entry.o)
 .exceptions.exit.label
                0x000400a8        0x0 c:/Users/jacob/Documents/Quartus/Prosjektoppgave/I2C_MCU/software/KJIPPER_TAK_2_bsp/\libhal_bsp.a(alt_exception_entry.o)
 *(.exceptions.exit.user)
 *(.exceptions.exit)
 .exceptions.exit
                0x000400a8       0x54 c:/Users/jacob/Documents/Quartus/Prosjektoppgave/I2C_MCU/software/KJIPPER_TAK_2_bsp/\libhal_bsp.a(alt_exception_entry.o)
 *(.exceptions)
 .exceptions    0x000400fc       0xc8 c:/Users/jacob/Documents/Quartus/Prosjektoppgave/I2C_MCU/software/KJIPPER_TAK_2_bsp/\libhal_bsp.a(alt_irq_handler.o)
                0x000400fc                alt_irq_handler
 .exceptions    0x000401c4       0x60 c:/Users/jacob/Documents/Quartus/Prosjektoppgave/I2C_MCU/software/KJIPPER_TAK_2_bsp/\libhal_bsp.a(alt_instruction_exception_entry.o)
                0x000401c4                alt_instruction_exception_entry
                0x00040224                        PROVIDE (__ram_exceptions_end = ABSOLUTE (.))
                0x00040020                        PROVIDE (__flash_exceptions_start = LOADADDR (.exceptions))

.text           0x00040224     0xfdb4
                [!provide]                        PROVIDE (stext = ABSOLUTE (.))
 *(.interp)
 *(.hash)
 *(.dynsym)
 *(.dynstr)
 *(.gnu.version)
 *(.gnu.version_d)
 *(.gnu.version_r)
 *(.rel.init)
 *(.rela.init)
 *(.rel.text .rel.text.* .rel.gnu.linkonce.t.*)
 *(.rela.text .rela.text.* .rela.gnu.linkonce.t.*)
 *(.rel.fini)
 *(.rela.fini)
 *(.rel.rodata .rel.rodata.* .rel.gnu.linkonce.r.*)
 *(.rela.rodata .rela.rodata.* .rela.gnu.linkonce.r.*)
 *(.rel.data .rel.data.* .rel.gnu.linkonce.d.*)
 *(.rela.data .rela.data.* .rela.gnu.linkonce.d.*)
 *(.rel.tdata .rel.tdata.* .rel.gnu.linkonce.td.*)
 *(.rela.tdata .rela.tdata.* .rela.gnu.linkonce.td.*)
 *(.rel.tbss .rel.tbss.* .rel.gnu.linkonce.tb.*)
 *(.rela.tbss .rela.tbss.* .rela.gnu.linkonce.tb.*)
 *(.rel.ctors)
 *(.rela.ctors)
 *(.rel.dtors)
 *(.rela.dtors)
 *(.rel.got)
 *(.rela.got)
 *(.rel.sdata .rel.sdata.* .rel.gnu.linkonce.s.*)
 *(.rela.sdata .rela.sdata.* .rela.gnu.linkonce.s.*)
 *(.rel.sbss .rel.sbss.* .rel.gnu.linkonce.sb.*)
 *(.rela.sbss .rela.sbss.* .rela.gnu.linkonce.sb.*)
 *(.rel.sdata2 .rel.sdata2.* .rel.gnu.linkonce.s2.*)
 *(.rela.sdata2 .rela.sdata2.* .rela.gnu.linkonce.s2.*)
 *(.rel.sbss2 .rel.sbss2.* .rel.gnu.linkonce.sb2.*)
 *(.rela.sbss2 .rela.sbss2.* .rela.gnu.linkonce.sb2.*)
 *(.rel.bss .rel.bss.* .rel.gnu.linkonce.b.*)
 *(.rela.bss .rela.bss.* .rela.gnu.linkonce.b.*)
 *(.rel.plt)
 *(.rela.plt)
 *(.rel.dyn)
 *(.init)
 *(.plt)
 *(.text .stub .text.* .gnu.linkonce.t.*)
 .text          0x00040224       0x3c c:/Users/jacob/Documents/Quartus/Prosjektoppgave/I2C_MCU/software/KJIPPER_TAK_2_bsp//obj/HAL/src/crt0.o
                0x00040224                _start
 .text          0x00040260      0x1b0 obj/default/hello_world.o
                0x00040260                delay
                0x000402a8                main
                0x00040354                set_single_slave_reg
                0x000403b4                get_single_slave_reg
 .text          0x00040410        0x0 c:/intelfpga_lite/23.1std/nios2eds/bin/gnu/h-x86_64-mingw32/bin/../lib/gcc/nios2-elf/12.3.1/../../../../../H-x86_64-mingw32/nios2-elf/lib/mno-hw-mul\libc.a(libc_a-printf.o)
 .text._printf_r
                0x00040410       0x30 c:/intelfpga_lite/23.1std/nios2eds/bin/gnu/h-x86_64-mingw32/bin/../lib/gcc/nios2-elf/12.3.1/../../../../../H-x86_64-mingw32/nios2-elf/lib/mno-hw-mul\libc.a(libc_a-printf.o)
                0x00040410                _printf_r
 .text.printf   0x00040440       0x38 c:/intelfpga_lite/23.1std/nios2eds/bin/gnu/h-x86_64-mingw32/bin/../lib/gcc/nios2-elf/12.3.1/../../../../../H-x86_64-mingw32/nios2-elf/lib/mno-hw-mul\libc.a(libc_a-printf.o)
                0x00040440                printf
 .text          0x00040478        0x0 c:/intelfpga_lite/23.1std/nios2eds/bin/gnu/h-x86_64-mingw32/bin/../lib/gcc/nios2-elf/12.3.1/../../../../../H-x86_64-mingw32/nios2-elf/lib/mno-hw-mul\libc.a(libc_a-impure.o)
 .text          0x00040478        0x0 c:/intelfpga_lite/23.1std/nios2eds/bin/gnu/h-x86_64-mingw32/bin/../lib/gcc/nios2-elf/12.3.1/../../../../../H-x86_64-mingw32/nios2-elf/lib/mno-hw-mul\libc.a(libc_a-vfprintf.o)
 .text.___vfprintf_internal_r
                0x00040478     0x2384 c:/intelfpga_lite/23.1std/nios2eds/bin/gnu/h-x86_64-mingw32/bin/../lib/gcc/nios2-elf/12.3.1/../../../../../H-x86_64-mingw32/nios2-elf/lib/mno-hw-mul\libc.a(libc_a-vfprintf.o)
                0x00040478                ___vfprintf_internal_r
 .text.__vfprintf_internal
                0x000427fc       0x1c c:/intelfpga_lite/23.1std/nios2eds/bin/gnu/h-x86_64-mingw32/bin/../lib/gcc/nios2-elf/12.3.1/../../../../../H-x86_64-mingw32/nios2-elf/lib/mno-hw-mul\libc.a(libc_a-vfprintf.o)
                0x000427fc                __vfprintf_internal
 .text.__sbprintf
                0x00042818       0xc4 c:/intelfpga_lite/23.1std/nios2eds/bin/gnu/h-x86_64-mingw32/bin/../lib/gcc/nios2-elf/12.3.1/../../../../../H-x86_64-mingw32/nios2-elf/lib/mno-hw-mul\libc.a(libc_a-vfprintf.o)
 .text          0x000428dc        0x0 c:/intelfpga_lite/23.1std/nios2eds/bin/gnu/h-x86_64-mingw32/bin/../lib/gcc/nios2-elf/12.3.1/../../../../../H-x86_64-mingw32/nios2-elf/lib/mno-hw-mul\libc.a(libc_a-vfiprintf.o)
 .text.__sprint_r.part.0
                0x000428dc       0xf4 c:/intelfpga_lite/23.1std/nios2eds/bin/gnu/h-x86_64-mingw32/bin/../lib/gcc/nios2-elf/12.3.1/../../../../../H-x86_64-mingw32/nios2-elf/lib/mno-hw-mul\libc.a(libc_a-vfiprintf.o)
 .text.__sprint_r
                0x000429d0       0x18 c:/intelfpga_lite/23.1std/nios2eds/bin/gnu/h-x86_64-mingw32/bin/../lib/gcc/nios2-elf/12.3.1/../../../../../H-x86_64-mingw32/nios2-elf/lib/mno-hw-mul\libc.a(libc_a-vfiprintf.o)
                0x000429d0                __sprint_r
 .text.___vfiprintf_internal_r
                0x000429e8     0x129c c:/intelfpga_lite/23.1std/nios2eds/bin/gnu/h-x86_64-mingw32/bin/../lib/gcc/nios2-elf/12.3.1/../../../../../H-x86_64-mingw32/nios2-elf/lib/mno-hw-mul\libc.a(libc_a-vfiprintf.o)
                0x000429e8                ___vfiprintf_internal_r
 .text.__vfiprintf_internal
                0x00043c84       0x1c c:/intelfpga_lite/23.1std/nios2eds/bin/gnu/h-x86_64-mingw32/bin/../lib/gcc/nios2-elf/12.3.1/../../../../../H-x86_64-mingw32/nios2-elf/lib/mno-hw-mul\libc.a(libc_a-vfiprintf.o)
                0x00043c84                __vfiprintf_internal
 .text.__sbprintf
                0x00043ca0       0xc4 c:/intelfpga_lite/23.1std/nios2eds/bin/gnu/h-x86_64-mingw32/bin/../lib/gcc/nios2-elf/12.3.1/../../../../../H-x86_64-mingw32/nios2-elf/lib/mno-hw-mul\libc.a(libc_a-vfiprintf.o)
 .text          0x00043d64        0x0 c:/intelfpga_lite/23.1std/nios2eds/bin/gnu/h-x86_64-mingw32/bin/../lib/gcc/nios2-elf/12.3.1/../../../../../H-x86_64-mingw32/nios2-elf/lib/mno-hw-mul\libc.a(libc_a-fflush.o)
 .text.__sflush_r
                0x00043d64      0x208 c:/intelfpga_lite/23.1std/nios2eds/bin/gnu/h-x86_64-mingw32/bin/../lib/gcc/nios2-elf/12.3.1/../../../../../H-x86_64-mingw32/nios2-elf/lib/mno-hw-mul\libc.a(libc_a-fflush.o)
                0x00043d64                __sflush_r
 .text._fflush_r
                0x00043f6c       0x5c c:/intelfpga_lite/23.1std/nios2eds/bin/gnu/h-x86_64-mingw32/bin/../lib/gcc/nios2-elf/12.3.1/../../../../../H-x86_64-mingw32/nios2-elf/lib/mno-hw-mul\libc.a(libc_a-fflush.o)
                0x00043f6c                _fflush_r
 .text.fflush   0x00043fc8       0x8c c:/intelfpga_lite/23.1std/nios2eds/bin/gnu/h-x86_64-mingw32/bin/../lib/gcc/nios2-elf/12.3.1/../../../../../H-x86_64-mingw32/nios2-elf/lib/mno-hw-mul\libc.a(libc_a-fflush.o)
                0x00043fc8                fflush
 .text          0x00044054        0x0 c:/intelfpga_lite/23.1std/nios2eds/bin/gnu/h-x86_64-mingw32/bin/../lib/gcc/nios2-elf/12.3.1/../../../../../H-x86_64-mingw32/nios2-elf/lib/mno-hw-mul\libc.a(libc_a-findfp.o)
 .text.__fp_lock
                0x00044054        0x8 c:/intelfpga_lite/23.1std/nios2eds/bin/gnu/h-x86_64-mingw32/bin/../lib/gcc/nios2-elf/12.3.1/../../../../../H-x86_64-mingw32/nios2-elf/lib/mno-hw-mul\libc.a(libc_a-findfp.o)
 .text.stdio_exit_handler
                0x0004405c       0x1c c:/intelfpga_lite/23.1std/nios2eds/bin/gnu/h-x86_64-mingw32/bin/../lib/gcc/nios2-elf/12.3.1/../../../../../H-x86_64-mingw32/nios2-elf/lib/mno-hw-mul\libc.a(libc_a-findfp.o)
 .text.cleanup_stdio
                0x00044078       0x70 c:/intelfpga_lite/23.1std/nios2eds/bin/gnu/h-x86_64-mingw32/bin/../lib/gcc/nios2-elf/12.3.1/../../../../../H-x86_64-mingw32/nios2-elf/lib/mno-hw-mul\libc.a(libc_a-findfp.o)
 .text.__fp_unlock
                0x000440e8        0x8 c:/intelfpga_lite/23.1std/nios2eds/bin/gnu/h-x86_64-mingw32/bin/../lib/gcc/nios2-elf/12.3.1/../../../../../H-x86_64-mingw32/nios2-elf/lib/mno-hw-mul\libc.a(libc_a-findfp.o)
 .text.global_stdio_init.part.0
                0x000440f0      0x174 c:/intelfpga_lite/23.1std/nios2eds/bin/gnu/h-x86_64-mingw32/bin/../lib/gcc/nios2-elf/12.3.1/../../../../../H-x86_64-mingw32/nios2-elf/lib/mno-hw-mul\libc.a(libc_a-findfp.o)
 .text.__sfp    0x00044264      0x120 c:/intelfpga_lite/23.1std/nios2eds/bin/gnu/h-x86_64-mingw32/bin/../lib/gcc/nios2-elf/12.3.1/../../../../../H-x86_64-mingw32/nios2-elf/lib/mno-hw-mul\libc.a(libc_a-findfp.o)
                0x00044264                __sfp
 .text.__sinit  0x00044384       0x28 c:/intelfpga_lite/23.1std/nios2eds/bin/gnu/h-x86_64-mingw32/bin/../lib/gcc/nios2-elf/12.3.1/../../../../../H-x86_64-mingw32/nios2-elf/lib/mno-hw-mul\libc.a(libc_a-findfp.o)
                0x00044384                __sinit
 .text.__sfp_lock_acquire
                0x000443ac        0x4 c:/intelfpga_lite/23.1std/nios2eds/bin/gnu/h-x86_64-mingw32/bin/../lib/gcc/nios2-elf/12.3.1/../../../../../H-x86_64-mingw32/nios2-elf/lib/mno-hw-mul\libc.a(libc_a-findfp.o)
                0x000443ac                __sfp_lock_acquire
 .text.__sfp_lock_release
                0x000443b0        0x4 c:/intelfpga_lite/23.1std/nios2eds/bin/gnu/h-x86_64-mingw32/bin/../lib/gcc/nios2-elf/12.3.1/../../../../../H-x86_64-mingw32/nios2-elf/lib/mno-hw-mul\libc.a(libc_a-findfp.o)
                0x000443b0                __sfp_lock_release
 .text.__fp_lock_all
                0x000443b4       0x18 c:/intelfpga_lite/23.1std/nios2eds/bin/gnu/h-x86_64-mingw32/bin/../lib/gcc/nios2-elf/12.3.1/../../../../../H-x86_64-mingw32/nios2-elf/lib/mno-hw-mul\libc.a(libc_a-findfp.o)
                0x000443b4                __fp_lock_all
 .text.__fp_unlock_all
                0x000443cc       0x18 c:/intelfpga_lite/23.1std/nios2eds/bin/gnu/h-x86_64-mingw32/bin/../lib/gcc/nios2-elf/12.3.1/../../../../../H-x86_64-mingw32/nios2-elf/lib/mno-hw-mul\libc.a(libc_a-findfp.o)
                0x000443cc                __fp_unlock_all
 .text          0x000443e4        0x0 c:/intelfpga_lite/23.1std/nios2eds/bin/gnu/h-x86_64-mingw32/bin/../lib/gcc/nios2-elf/12.3.1/../../../../../H-x86_64-mingw32/nios2-elf/lib/mno-hw-mul\libc.a(libc_a-fvwrite.o)
 .text.__sfvwrite_r
                0x000443e4      0x4a0 c:/intelfpga_lite/23.1std/nios2eds/bin/gnu/h-x86_64-mingw32/bin/../lib/gcc/nios2-elf/12.3.1/../../../../../H-x86_64-mingw32/nios2-elf/lib/mno-hw-mul\libc.a(libc_a-fvwrite.o)
                0x000443e4                __sfvwrite_r
 .text          0x00044884        0x0 c:/intelfpga_lite/23.1std/nios2eds/bin/gnu/h-x86_64-mingw32/bin/../lib/gcc/nios2-elf/12.3.1/../../../../../H-x86_64-mingw32/nios2-elf/lib/mno-hw-mul\libc.a(libc_a-fwalk.o)
 .text._fwalk_sglue
                0x00044884       0xa8 c:/intelfpga_lite/23.1std/nios2eds/bin/gnu/h-x86_64-mingw32/bin/../lib/gcc/nios2-elf/12.3.1/../../../../../H-x86_64-mingw32/nios2-elf/lib/mno-hw-mul\libc.a(libc_a-fwalk.o)
                0x00044884                _fwalk_sglue
 .text          0x0004492c        0x0 c:/intelfpga_lite/23.1std/nios2eds/bin/gnu/h-x86_64-mingw32/bin/../lib/gcc/nios2-elf/12.3.1/../../../../../H-x86_64-mingw32/nios2-elf/lib/mno-hw-mul\libc.a(libc_a-stdio.o)
 .text.__sread  0x0004492c       0x54 c:/intelfpga_lite/23.1std/nios2eds/bin/gnu/h-x86_64-mingw32/bin/../lib/gcc/nios2-elf/12.3.1/../../../../../H-x86_64-mingw32/nios2-elf/lib/mno-hw-mul\libc.a(libc_a-stdio.o)
                0x0004492c                __sread
 .text.__seofread
                0x00044980        0x8 c:/intelfpga_lite/23.1std/nios2eds/bin/gnu/h-x86_64-mingw32/bin/../lib/gcc/nios2-elf/12.3.1/../../../../../H-x86_64-mingw32/nios2-elf/lib/mno-hw-mul\libc.a(libc_a-stdio.o)
                0x00044980                __seofread
 .text.__swrite
                0x00044988       0x80 c:/intelfpga_lite/23.1std/nios2eds/bin/gnu/h-x86_64-mingw32/bin/../lib/gcc/nios2-elf/12.3.1/../../../../../H-x86_64-mingw32/nios2-elf/lib/mno-hw-mul\libc.a(libc_a-stdio.o)
                0x00044988                __swrite
 .text.__sseek  0x00044a08       0x5c c:/intelfpga_lite/23.1std/nios2eds/bin/gnu/h-x86_64-mingw32/bin/../lib/gcc/nios2-elf/12.3.1/../../../../../H-x86_64-mingw32/nios2-elf/lib/mno-hw-mul\libc.a(libc_a-stdio.o)
                0x00044a08                __sseek
 .text.__sclose
                0x00044a64        0x8 c:/intelfpga_lite/23.1std/nios2eds/bin/gnu/h-x86_64-mingw32/bin/../lib/gcc/nios2-elf/12.3.1/../../../../../H-x86_64-mingw32/nios2-elf/lib/mno-hw-mul\libc.a(libc_a-stdio.o)
                0x00044a64                __sclose
 .text          0x00044a6c        0x0 c:/intelfpga_lite/23.1std/nios2eds/bin/gnu/h-x86_64-mingw32/bin/../lib/gcc/nios2-elf/12.3.1/../../../../../H-x86_64-mingw32/nios2-elf/lib/mno-hw-mul\libc.a(libc_a-wsetup.o)
 .text.__swsetup_r
                0x00044a6c      0x144 c:/intelfpga_lite/23.1std/nios2eds/bin/gnu/h-x86_64-mingw32/bin/../lib/gcc/nios2-elf/12.3.1/../../../../../H-x86_64-mingw32/nios2-elf/lib/mno-hw-mul\libc.a(libc_a-wsetup.o)
                0x00044a6c                __swsetup_r
 .text          0x00044bb0        0x0 c:/intelfpga_lite/23.1std/nios2eds/bin/gnu/h-x86_64-mingw32/bin/../lib/gcc/nios2-elf/12.3.1/../../../../../H-x86_64-mingw32/nios2-elf/lib/mno-hw-mul\libc.a(libc_a-fputwc.o)
 .text.__fputwc
                0x00044bb0      0x164 c:/intelfpga_lite/23.1std/nios2eds/bin/gnu/h-x86_64-mingw32/bin/../lib/gcc/nios2-elf/12.3.1/../../../../../H-x86_64-mingw32/nios2-elf/lib/mno-hw-mul\libc.a(libc_a-fputwc.o)
                0x00044bb0                __fputwc
 .text._fputwc_r
                0x00044d14       0x24 c:/intelfpga_lite/23.1std/nios2eds/bin/gnu/h-x86_64-mingw32/bin/../lib/gcc/nios2-elf/12.3.1/../../../../../H-x86_64-mingw32/nios2-elf/lib/mno-hw-mul\libc.a(libc_a-fputwc.o)
                0x00044d14                _fputwc_r
 .text.fputwc   0x00044d38       0x78 c:/intelfpga_lite/23.1std/nios2eds/bin/gnu/h-x86_64-mingw32/bin/../lib/gcc/nios2-elf/12.3.1/../../../../../H-x86_64-mingw32/nios2-elf/lib/mno-hw-mul\libc.a(libc_a-fputwc.o)
                0x00044d38                fputwc
 .text          0x00044db0        0x0 c:/intelfpga_lite/23.1std/nios2eds/bin/gnu/h-x86_64-mingw32/bin/../lib/gcc/nios2-elf/12.3.1/../../../../../H-x86_64-mingw32/nios2-elf/lib/mno-hw-mul\libc.a(libc_a-memchr.o)
 .text.memchr   0x00044db0       0xfc c:/intelfpga_lite/23.1std/nios2eds/bin/gnu/h-x86_64-mingw32/bin/../lib/gcc/nios2-elf/12.3.1/../../../../../H-x86_64-mingw32/nios2-elf/lib/mno-hw-mul\libc.a(libc_a-memchr.o)
                0x00044db0                memchr
 .text          0x00044eac        0x0 c:/intelfpga_lite/23.1std/nios2eds/bin/gnu/h-x86_64-mingw32/bin/../lib/gcc/nios2-elf/12.3.1/../../../../../H-x86_64-mingw32/nios2-elf/lib/mno-hw-mul\libc.a(libc_a-memcpy.o)
 .text.memcpy   0x00044eac      0x100 c:/intelfpga_lite/23.1std/nios2eds/bin/gnu/h-x86_64-mingw32/bin/../lib/gcc/nios2-elf/12.3.1/../../../../../H-x86_64-mingw32/nios2-elf/lib/mno-hw-mul\libc.a(libc_a-memcpy.o)
                0x00044eac                memcpy
 .text          0x00044fac        0x0 c:/intelfpga_lite/23.1std/nios2eds/bin/gnu/h-x86_64-mingw32/bin/../lib/gcc/nios2-elf/12.3.1/../../../../../H-x86_64-mingw32/nios2-elf/lib/mno-hw-mul\libc.a(libc_a-memmove.o)
 .text.memmove  0x00044fac      0x128 c:/intelfpga_lite/23.1std/nios2eds/bin/gnu/h-x86_64-mingw32/bin/../lib/gcc/nios2-elf/12.3.1/../../../../../H-x86_64-mingw32/nios2-elf/lib/mno-hw-mul\libc.a(libc_a-memmove.o)
                0x00044fac                memmove
 .text          0x000450d4        0x0 c:/intelfpga_lite/23.1std/nios2eds/bin/gnu/h-x86_64-mingw32/bin/../lib/gcc/nios2-elf/12.3.1/../../../../../H-x86_64-mingw32/nios2-elf/lib/mno-hw-mul\libc.a(libc_a-memset.o)
 .text.memset   0x000450d4      0x140 c:/intelfpga_lite/23.1std/nios2eds/bin/gnu/h-x86_64-mingw32/bin/../lib/gcc/nios2-elf/12.3.1/../../../../../H-x86_64-mingw32/nios2-elf/lib/mno-hw-mul\libc.a(libc_a-memset.o)
                0x000450d4                memset
 .text          0x00045214        0x0 c:/intelfpga_lite/23.1std/nios2eds/bin/gnu/h-x86_64-mingw32/bin/../lib/gcc/nios2-elf/12.3.1/../../../../../H-x86_64-mingw32/nios2-elf/lib/mno-hw-mul\libc.a(libc_a-strlen.o)
 .text.strlen   0x00045214       0x98 c:/intelfpga_lite/23.1std/nios2eds/bin/gnu/h-x86_64-mingw32/bin/../lib/gcc/nios2-elf/12.3.1/../../../../../H-x86_64-mingw32/nios2-elf/lib/mno-hw-mul\libc.a(libc_a-strlen.o)
                0x00045214                strlen
 .text          0x000452ac        0x0 c:/intelfpga_lite/23.1std/nios2eds/bin/gnu/h-x86_64-mingw32/bin/../lib/gcc/nios2-elf/12.3.1/../../../../../H-x86_64-mingw32/nios2-elf/lib/mno-hw-mul\libc.a(libc_a-locale.o)
 .text._setlocale_r
                0x000452ac       0x7c c:/intelfpga_lite/23.1std/nios2eds/bin/gnu/h-x86_64-mingw32/bin/../lib/gcc/nios2-elf/12.3.1/../../../../../H-x86_64-mingw32/nios2-elf/lib/mno-hw-mul\libc.a(libc_a-locale.o)
                0x000452ac                _setlocale_r
 .text.__locale_mb_cur_max
                0x00045328        0xc c:/intelfpga_lite/23.1std/nios2eds/bin/gnu/h-x86_64-mingw32/bin/../lib/gcc/nios2-elf/12.3.1/../../../../../H-x86_64-mingw32/nios2-elf/lib/mno-hw-mul\libc.a(libc_a-locale.o)
                0x00045328                __locale_mb_cur_max
 .text.setlocale
                0x00045334       0x7c c:/intelfpga_lite/23.1std/nios2eds/bin/gnu/h-x86_64-mingw32/bin/../lib/gcc/nios2-elf/12.3.1/../../../../../H-x86_64-mingw32/nios2-elf/lib/mno-hw-mul\libc.a(libc_a-locale.o)
                0x00045334                setlocale
 .text          0x000453b0        0x0 c:/intelfpga_lite/23.1std/nios2eds/bin/gnu/h-x86_64-mingw32/bin/../lib/gcc/nios2-elf/12.3.1/../../../../../H-x86_64-mingw32/nios2-elf/lib/mno-hw-mul\libc.a(libc_a-localeconv.o)
 .text.__localeconv_l
                0x000453b0        0x8 c:/intelfpga_lite/23.1std/nios2eds/bin/gnu/h-x86_64-mingw32/bin/../lib/gcc/nios2-elf/12.3.1/../../../../../H-x86_64-mingw32/nios2-elf/lib/mno-hw-mul\libc.a(libc_a-localeconv.o)
                0x000453b0                __localeconv_l
 .text._localeconv_r
                0x000453b8        0xc c:/intelfpga_lite/23.1std/nios2eds/bin/gnu/h-x86_64-mingw32/bin/../lib/gcc/nios2-elf/12.3.1/../../../../../H-x86_64-mingw32/nios2-elf/lib/mno-hw-mul\libc.a(libc_a-localeconv.o)
                0x000453b8                _localeconv_r
 .text.localeconv
                0x000453c4        0xc c:/intelfpga_lite/23.1std/nios2eds/bin/gnu/h-x86_64-mingw32/bin/../lib/gcc/nios2-elf/12.3.1/../../../../../H-x86_64-mingw32/nios2-elf/lib/mno-hw-mul\libc.a(libc_a-localeconv.o)
                0x000453c4                localeconv
 .text          0x000453d0        0x0 c:/intelfpga_lite/23.1std/nios2eds/bin/gnu/h-x86_64-mingw32/bin/../lib/gcc/nios2-elf/12.3.1/../../../../../H-x86_64-mingw32/nios2-elf/lib/mno-hw-mul\libc.a(libc_a-closer.o)
 .text._close_r
                0x000453d0       0x58 c:/intelfpga_lite/23.1std/nios2eds/bin/gnu/h-x86_64-mingw32/bin/../lib/gcc/nios2-elf/12.3.1/../../../../../H-x86_64-mingw32/nios2-elf/lib/mno-hw-mul\libc.a(libc_a-closer.o)
                0x000453d0                _close_r
 .text          0x00045428        0x0 c:/intelfpga_lite/23.1std/nios2eds/bin/gnu/h-x86_64-mingw32/bin/../lib/gcc/nios2-elf/12.3.1/../../../../../H-x86_64-mingw32/nios2-elf/lib/mno-hw-mul\libc.a(libc_a-reent.o)
 .text._reclaim_reent
                0x00045428       0xc8 c:/intelfpga_lite/23.1std/nios2eds/bin/gnu/h-x86_64-mingw32/bin/../lib/gcc/nios2-elf/12.3.1/../../../../../H-x86_64-mingw32/nios2-elf/lib/mno-hw-mul\libc.a(libc_a-reent.o)
                0x00045428                _reclaim_reent
 .text          0x000454f0        0x0 c:/intelfpga_lite/23.1std/nios2eds/bin/gnu/h-x86_64-mingw32/bin/../lib/gcc/nios2-elf/12.3.1/../../../../../H-x86_64-mingw32/nios2-elf/lib/mno-hw-mul\libc.a(libc_a-lseekr.o)
 .text._lseek_r
                0x000454f0       0x64 c:/intelfpga_lite/23.1std/nios2eds/bin/gnu/h-x86_64-mingw32/bin/../lib/gcc/nios2-elf/12.3.1/../../../../../H-x86_64-mingw32/nios2-elf/lib/mno-hw-mul\libc.a(libc_a-lseekr.o)
                0x000454f0                _lseek_r
 .text          0x00045554        0x0 c:/intelfpga_lite/23.1std/nios2eds/bin/gnu/h-x86_64-mingw32/bin/../lib/gcc/nios2-elf/12.3.1/../../../../../H-x86_64-mingw32/nios2-elf/lib/mno-hw-mul\libc.a(libc_a-readr.o)
 .text._read_r  0x00045554       0x64 c:/intelfpga_lite/23.1std/nios2eds/bin/gnu/h-x86_64-mingw32/bin/../lib/gcc/nios2-elf/12.3.1/../../../../../H-x86_64-mingw32/nios2-elf/lib/mno-hw-mul\libc.a(libc_a-readr.o)
                0x00045554                _read_r
 .text          0x000455b8        0x0 c:/intelfpga_lite/23.1std/nios2eds/bin/gnu/h-x86_64-mingw32/bin/../lib/gcc/nios2-elf/12.3.1/../../../../../H-x86_64-mingw32/nios2-elf/lib/mno-hw-mul\libc.a(libc_a-writer.o)
 .text._write_r
                0x000455b8       0x64 c:/intelfpga_lite/23.1std/nios2eds/bin/gnu/h-x86_64-mingw32/bin/../lib/gcc/nios2-elf/12.3.1/../../../../../H-x86_64-mingw32/nios2-elf/lib/mno-hw-mul\libc.a(libc_a-writer.o)
                0x000455b8                _write_r
 .text          0x0004561c        0x0 c:/intelfpga_lite/23.1std/nios2eds/bin/gnu/h-x86_64-mingw32/bin/../lib/gcc/nios2-elf/12.3.1/../../../../../H-x86_64-mingw32/nios2-elf/lib/mno-hw-mul\libc.a(libc_a-dtoa.o)
 .text.quorem   0x0004561c      0x218 c:/intelfpga_lite/23.1std/nios2eds/bin/gnu/h-x86_64-mingw32/bin/../lib/gcc/nios2-elf/12.3.1/../../../../../H-x86_64-mingw32/nios2-elf/lib/mno-hw-mul\libc.a(libc_a-dtoa.o)
 .text._dtoa_r  0x00045834     0x17e8 c:/intelfpga_lite/23.1std/nios2eds/bin/gnu/h-x86_64-mingw32/bin/../lib/gcc/nios2-elf/12.3.1/../../../../../H-x86_64-mingw32/nios2-elf/lib/mno-hw-mul\libc.a(libc_a-dtoa.o)
                0x00045834                _dtoa_r
 .text          0x0004701c        0x0 c:/intelfpga_lite/23.1std/nios2eds/bin/gnu/h-x86_64-mingw32/bin/../lib/gcc/nios2-elf/12.3.1/../../../../../H-x86_64-mingw32/nios2-elf/lib/mno-hw-mul\libc.a(libc_a-exit.o)
 .text.exit     0x0004701c       0x30 c:/intelfpga_lite/23.1std/nios2eds/bin/gnu/h-x86_64-mingw32/bin/../lib/gcc/nios2-elf/12.3.1/../../../../../H-x86_64-mingw32/nios2-elf/lib/mno-hw-mul\libc.a(libc_a-exit.o)
                0x0004701c                exit
 .text          0x0004704c        0x0 c:/intelfpga_lite/23.1std/nios2eds/bin/gnu/h-x86_64-mingw32/bin/../lib/gcc/nios2-elf/12.3.1/../../../../../H-x86_64-mingw32/nios2-elf/lib/mno-hw-mul\libc.a(libc_a-freer.o)
 .text._malloc_trim_r
                0x0004704c      0x124 c:/intelfpga_lite/23.1std/nios2eds/bin/gnu/h-x86_64-mingw32/bin/../lib/gcc/nios2-elf/12.3.1/../../../../../H-x86_64-mingw32/nios2-elf/lib/mno-hw-mul\libc.a(libc_a-freer.o)
                0x0004704c                _malloc_trim_r
 .text._free_r  0x00047170      0x308 c:/intelfpga_lite/23.1std/nios2eds/bin/gnu/h-x86_64-mingw32/bin/../lib/gcc/nios2-elf/12.3.1/../../../../../H-x86_64-mingw32/nios2-elf/lib/mno-hw-mul\libc.a(libc_a-freer.o)
                0x00047170                _free_r
 .text          0x00047478        0x0 c:/intelfpga_lite/23.1std/nios2eds/bin/gnu/h-x86_64-mingw32/bin/../lib/gcc/nios2-elf/12.3.1/../../../../../H-x86_64-mingw32/nios2-elf/lib/mno-hw-mul\libc.a(libc_a-mallocr.o)
 .text._malloc_r
                0x00047478      0x7c8 c:/intelfpga_lite/23.1std/nios2eds/bin/gnu/h-x86_64-mingw32/bin/../lib/gcc/nios2-elf/12.3.1/../../../../../H-x86_64-mingw32/nios2-elf/lib/mno-hw-mul\libc.a(libc_a-mallocr.o)
                0x00047478                _malloc_r
 .text          0x00047c40        0x0 c:/intelfpga_lite/23.1std/nios2eds/bin/gnu/h-x86_64-mingw32/bin/../lib/gcc/nios2-elf/12.3.1/../../../../../H-x86_64-mingw32/nios2-elf/lib/mno-hw-mul\libc.a(libc_a-mbtowc_r.o)
 .text._mbtowc_r
                0x00047c40        0xc c:/intelfpga_lite/23.1std/nios2eds/bin/gnu/h-x86_64-mingw32/bin/../lib/gcc/nios2-elf/12.3.1/../../../../../H-x86_64-mingw32/nios2-elf/lib/mno-hw-mul\libc.a(libc_a-mbtowc_r.o)
                0x00047c40                _mbtowc_r
 .text.__ascii_mbtowc
                0x00047c4c       0x44 c:/intelfpga_lite/23.1std/nios2eds/bin/gnu/h-x86_64-mingw32/bin/../lib/gcc/nios2-elf/12.3.1/../../../../../H-x86_64-mingw32/nios2-elf/lib/mno-hw-mul\libc.a(libc_a-mbtowc_r.o)
                0x00047c4c                __ascii_mbtowc
 .text          0x00047c90        0x0 c:/intelfpga_lite/23.1std/nios2eds/bin/gnu/h-x86_64-mingw32/bin/../lib/gcc/nios2-elf/12.3.1/../../../../../H-x86_64-mingw32/nios2-elf/lib/mno-hw-mul\libc.a(libc_a-mprec.o)
 .text._Balloc  0x00047c90       0xa4 c:/intelfpga_lite/23.1std/nios2eds/bin/gnu/h-x86_64-mingw32/bin/../lib/gcc/nios2-elf/12.3.1/../../../../../H-x86_64-mingw32/nios2-elf/lib/mno-hw-mul\libc.a(libc_a-mprec.o)
                0x00047c90                _Balloc
 .text._Bfree   0x00047d34       0x24 c:/intelfpga_lite/23.1std/nios2eds/bin/gnu/h-x86_64-mingw32/bin/../lib/gcc/nios2-elf/12.3.1/../../../../../H-x86_64-mingw32/nios2-elf/lib/mno-hw-mul\libc.a(libc_a-mprec.o)
                0x00047d34                _Bfree
 .text.__multadd
                0x00047d58      0x154 c:/intelfpga_lite/23.1std/nios2eds/bin/gnu/h-x86_64-mingw32/bin/../lib/gcc/nios2-elf/12.3.1/../../../../../H-x86_64-mingw32/nios2-elf/lib/mno-hw-mul\libc.a(libc_a-mprec.o)
                0x00047d58                __multadd
 .text.__s2b    0x00047eac      0x138 c:/intelfpga_lite/23.1std/nios2eds/bin/gnu/h-x86_64-mingw32/bin/../lib/gcc/nios2-elf/12.3.1/../../../../../H-x86_64-mingw32/nios2-elf/lib/mno-hw-mul\libc.a(libc_a-mprec.o)
                0x00047eac                __s2b
 .text.__hi0bits
                0x00047fe4       0x74 c:/intelfpga_lite/23.1std/nios2eds/bin/gnu/h-x86_64-mingw32/bin/../lib/gcc/nios2-elf/12.3.1/../../../../../H-x86_64-mingw32/nios2-elf/lib/mno-hw-mul\libc.a(libc_a-mprec.o)
                0x00047fe4                __hi0bits
 .text.__lo0bits
                0x00048058       0xb0 c:/intelfpga_lite/23.1std/nios2eds/bin/gnu/h-x86_64-mingw32/bin/../lib/gcc/nios2-elf/12.3.1/../../../../../H-x86_64-mingw32/nios2-elf/lib/mno-hw-mul\libc.a(libc_a-mprec.o)
                0x00048058                __lo0bits
 .text.__i2b    0x00048108       0xb0 c:/intelfpga_lite/23.1std/nios2eds/bin/gnu/h-x86_64-mingw32/bin/../lib/gcc/nios2-elf/12.3.1/../../../../../H-x86_64-mingw32/nios2-elf/lib/mno-hw-mul\libc.a(libc_a-mprec.o)
                0x00048108                __i2b
 .text.__multiply
                0x000481b8      0x2a8 c:/intelfpga_lite/23.1std/nios2eds/bin/gnu/h-x86_64-mingw32/bin/../lib/gcc/nios2-elf/12.3.1/../../../../../H-x86_64-mingw32/nios2-elf/lib/mno-hw-mul\libc.a(libc_a-mprec.o)
                0x000481b8                __multiply
 .text.__pow5mult
                0x00048460      0x140 c:/intelfpga_lite/23.1std/nios2eds/bin/gnu/h-x86_64-mingw32/bin/../lib/gcc/nios2-elf/12.3.1/../../../../../H-x86_64-mingw32/nios2-elf/lib/mno-hw-mul\libc.a(libc_a-mprec.o)
                0x00048460                __pow5mult
 .text.__lshift
                0x000485a0      0x188 c:/intelfpga_lite/23.1std/nios2eds/bin/gnu/h-x86_64-mingw32/bin/../lib/gcc/nios2-elf/12.3.1/../../../../../H-x86_64-mingw32/nios2-elf/lib/mno-hw-mul\libc.a(libc_a-mprec.o)
                0x000485a0                __lshift
 .text.__mcmp   0x00048728       0x58 c:/intelfpga_lite/23.1std/nios2eds/bin/gnu/h-x86_64-mingw32/bin/../lib/gcc/nios2-elf/12.3.1/../../../../../H-x86_64-mingw32/nios2-elf/lib/mno-hw-mul\libc.a(libc_a-mprec.o)
                0x00048728                __mcmp
 .text.__mdiff  0x00048780      0x230 c:/intelfpga_lite/23.1std/nios2eds/bin/gnu/h-x86_64-mingw32/bin/../lib/gcc/nios2-elf/12.3.1/../../../../../H-x86_64-mingw32/nios2-elf/lib/mno-hw-mul\libc.a(libc_a-mprec.o)
                0x00048780                __mdiff
 .text.__ulp    0x000489b0       0x60 c:/intelfpga_lite/23.1std/nios2eds/bin/gnu/h-x86_64-mingw32/bin/../lib/gcc/nios2-elf/12.3.1/../../../../../H-x86_64-mingw32/nios2-elf/lib/mno-hw-mul\libc.a(libc_a-mprec.o)
                0x000489b0                __ulp
 .text.__b2d    0x00048a10      0x100 c:/intelfpga_lite/23.1std/nios2eds/bin/gnu/h-x86_64-mingw32/bin/../lib/gcc/nios2-elf/12.3.1/../../../../../H-x86_64-mingw32/nios2-elf/lib/mno-hw-mul\libc.a(libc_a-mprec.o)
                0x00048a10                __b2d
 .text.__d2b    0x00048b10      0x158 c:/intelfpga_lite/23.1std/nios2eds/bin/gnu/h-x86_64-mingw32/bin/../lib/gcc/nios2-elf/12.3.1/../../../../../H-x86_64-mingw32/nios2-elf/lib/mno-hw-mul\libc.a(libc_a-mprec.o)
                0x00048b10                __d2b
 .text.__ratio  0x00048c68       0xa4 c:/intelfpga_lite/23.1std/nios2eds/bin/gnu/h-x86_64-mingw32/bin/../lib/gcc/nios2-elf/12.3.1/../../../../../H-x86_64-mingw32/nios2-elf/lib/mno-hw-mul\libc.a(libc_a-mprec.o)
                0x00048c68                __ratio
 .text._mprec_log10
                0x00048d0c       0x70 c:/intelfpga_lite/23.1std/nios2eds/bin/gnu/h-x86_64-mingw32/bin/../lib/gcc/nios2-elf/12.3.1/../../../../../H-x86_64-mingw32/nios2-elf/lib/mno-hw-mul\libc.a(libc_a-mprec.o)
                0x00048d0c                _mprec_log10
 .text.__copybits
                0x00048d7c       0x6c c:/intelfpga_lite/23.1std/nios2eds/bin/gnu/h-x86_64-mingw32/bin/../lib/gcc/nios2-elf/12.3.1/../../../../../H-x86_64-mingw32/nios2-elf/lib/mno-hw-mul\libc.a(libc_a-mprec.o)
                0x00048d7c                __copybits
 .text.__any_on
                0x00048de8       0x60 c:/intelfpga_lite/23.1std/nios2eds/bin/gnu/h-x86_64-mingw32/bin/../lib/gcc/nios2-elf/12.3.1/../../../../../H-x86_64-mingw32/nios2-elf/lib/mno-hw-mul\libc.a(libc_a-mprec.o)
                0x00048de8                __any_on
 .text          0x00048e48        0x0 c:/intelfpga_lite/23.1std/nios2eds/bin/gnu/h-x86_64-mingw32/bin/../lib/gcc/nios2-elf/12.3.1/../../../../../H-x86_64-mingw32/nios2-elf/lib/mno-hw-mul\libc.a(libc_a-reallocr.o)
 .text._realloc_r
                0x00048e48      0x5ec c:/intelfpga_lite/23.1std/nios2eds/bin/gnu/h-x86_64-mingw32/bin/../lib/gcc/nios2-elf/12.3.1/../../../../../H-x86_64-mingw32/nios2-elf/lib/mno-hw-mul\libc.a(libc_a-reallocr.o)
                0x00048e48                _realloc_r
 .text          0x00049434        0x0 c:/intelfpga_lite/23.1std/nios2eds/bin/gnu/h-x86_64-mingw32/bin/../lib/gcc/nios2-elf/12.3.1/../../../../../H-x86_64-mingw32/nios2-elf/lib/mno-hw-mul\libc.a(libc_a-wctomb_r.o)
 .text._wctomb_r
                0x00049434        0xc c:/intelfpga_lite/23.1std/nios2eds/bin/gnu/h-x86_64-mingw32/bin/../lib/gcc/nios2-elf/12.3.1/../../../../../H-x86_64-mingw32/nios2-elf/lib/mno-hw-mul\libc.a(libc_a-wctomb_r.o)
                0x00049434                _wctomb_r
 .text.__ascii_wctomb
                0x00049440       0x30 c:/intelfpga_lite/23.1std/nios2eds/bin/gnu/h-x86_64-mingw32/bin/../lib/gcc/nios2-elf/12.3.1/../../../../../H-x86_64-mingw32/nios2-elf/lib/mno-hw-mul\libc.a(libc_a-wctomb_r.o)
                0x00049440                __ascii_wctomb
 .text          0x00049470        0x0 c:/intelfpga_lite/23.1std/nios2eds/bin/gnu/h-x86_64-mingw32/bin/../lib/gcc/nios2-elf/12.3.1/../../../../../H-x86_64-mingw32/nios2-elf/lib/mno-hw-mul\libc.a(libc_a-wcrtomb.o)
 .text._wcrtomb_r
                0x00049470       0x6c c:/intelfpga_lite/23.1std/nios2eds/bin/gnu/h-x86_64-mingw32/bin/../lib/gcc/nios2-elf/12.3.1/../../../../../H-x86_64-mingw32/nios2-elf/lib/mno-hw-mul\libc.a(libc_a-wcrtomb.o)
                0x00049470                _wcrtomb_r
 .text.wcrtomb  0x000494dc       0x88 c:/intelfpga_lite/23.1std/nios2eds/bin/gnu/h-x86_64-mingw32/bin/../lib/gcc/nios2-elf/12.3.1/../../../../../H-x86_64-mingw32/nios2-elf/lib/mno-hw-mul\libc.a(libc_a-wcrtomb.o)
                0x000494dc                wcrtomb
 .text          0x00049564        0x0 c:/intelfpga_lite/23.1std/nios2eds/bin/gnu/h-x86_64-mingw32/bin/../lib/gcc/nios2-elf/12.3.1/../../../../../H-x86_64-mingw32/nios2-elf/lib/mno-hw-mul\libc.a(libc_a-ctype_.o)
 .text          0x00049564        0x0 c:/intelfpga_lite/23.1std/nios2eds/bin/gnu/h-x86_64-mingw32/bin/../lib/gcc/nios2-elf/12.3.1/../../../../../H-x86_64-mingw32/nios2-elf/lib/mno-hw-mul\libc.a(libc_a-fclose.o)
 .text._fclose_r
                0x00049564       0xf0 c:/intelfpga_lite/23.1std/nios2eds/bin/gnu/h-x86_64-mingw32/bin/../lib/gcc/nios2-elf/12.3.1/../../../../../H-x86_64-mingw32/nios2-elf/lib/mno-hw-mul\libc.a(libc_a-fclose.o)
                0x00049564                _fclose_r
 .text.fclose   0x00049654       0x10 c:/intelfpga_lite/23.1std/nios2eds/bin/gnu/h-x86_64-mingw32/bin/../lib/gcc/nios2-elf/12.3.1/../../../../../H-x86_64-mingw32/nios2-elf/lib/mno-hw-mul\libc.a(libc_a-fclose.o)
                0x00049654                fclose
 .text          0x00049664        0x0 c:/intelfpga_lite/23.1std/nios2eds/bin/gnu/h-x86_64-mingw32/bin/../lib/gcc/nios2-elf/12.3.1/../../../../../H-x86_64-mingw32/nios2-elf/lib/mno-hw-mul\libc.a(libc_a-makebuf.o)
 .text.__smakebuf_r
                0x00049664      0x1a8 c:/intelfpga_lite/23.1std/nios2eds/bin/gnu/h-x86_64-mingw32/bin/../lib/gcc/nios2-elf/12.3.1/../../../../../H-x86_64-mingw32/nios2-elf/lib/mno-hw-mul\libc.a(libc_a-makebuf.o)
                0x00049664                __smakebuf_r
 .text.__swhatbuf_r
                0x0004980c       0x8c c:/intelfpga_lite/23.1std/nios2eds/bin/gnu/h-x86_64-mingw32/bin/../lib/gcc/nios2-elf/12.3.1/../../../../../H-x86_64-mingw32/nios2-elf/lib/mno-hw-mul\libc.a(libc_a-makebuf.o)
                0x0004980c                __swhatbuf_r
 .text          0x00049898        0x0 c:/intelfpga_lite/23.1std/nios2eds/bin/gnu/h-x86_64-mingw32/bin/../lib/gcc/nios2-elf/12.3.1/../../../../../H-x86_64-mingw32/nios2-elf/lib/mno-hw-mul\libc.a(libc_a-wbuf.o)
 .text.__swbuf_r
                0x00049898      0x148 c:/intelfpga_lite/23.1std/nios2eds/bin/gnu/h-x86_64-mingw32/bin/../lib/gcc/nios2-elf/12.3.1/../../../../../H-x86_64-mingw32/nios2-elf/lib/mno-hw-mul\libc.a(libc_a-wbuf.o)
                0x00049898                __swbuf_r
 .text.__swbuf  0x000499e0       0x18 c:/intelfpga_lite/23.1std/nios2eds/bin/gnu/h-x86_64-mingw32/bin/../lib/gcc/nios2-elf/12.3.1/../../../../../H-x86_64-mingw32/nios2-elf/lib/mno-hw-mul\libc.a(libc_a-wbuf.o)
                0x000499e0                __swbuf
 .text          0x000499f8        0x0 c:/intelfpga_lite/23.1std/nios2eds/bin/gnu/h-x86_64-mingw32/bin/../lib/gcc/nios2-elf/12.3.1/../../../../../H-x86_64-mingw32/nios2-elf/lib/mno-hw-mul\libc.a(libc_a-strcmp.o)
 .text.strcmp   0x000499f8       0xb8 c:/intelfpga_lite/23.1std/nios2eds/bin/gnu/h-x86_64-mingw32/bin/../lib/gcc/nios2-elf/12.3.1/../../../../../H-x86_64-mingw32/nios2-elf/lib/mno-hw-mul\libc.a(libc_a-strcmp.o)
                0x000499f8                strcmp
 .text          0x00049ab0        0x0 c:/intelfpga_lite/23.1std/nios2eds/bin/gnu/h-x86_64-mingw32/bin/../lib/gcc/nios2-elf/12.3.1/../../../../../H-x86_64-mingw32/nios2-elf/lib/mno-hw-mul\libc.a(libc_a-fstatr.o)
 .text._fstat_r
                0x00049ab0       0x60 c:/intelfpga_lite/23.1std/nios2eds/bin/gnu/h-x86_64-mingw32/bin/../lib/gcc/nios2-elf/12.3.1/../../../../../H-x86_64-mingw32/nios2-elf/lib/mno-hw-mul\libc.a(libc_a-fstatr.o)
                0x00049ab0                _fstat_r
 .text          0x00049b10        0x0 c:/intelfpga_lite/23.1std/nios2eds/bin/gnu/h-x86_64-mingw32/bin/../lib/gcc/nios2-elf/12.3.1/../../../../../H-x86_64-mingw32/nios2-elf/lib/mno-hw-mul\libc.a(libc_a-isattyr.o)
 .text._isatty_r
                0x00049b10       0x58 c:/intelfpga_lite/23.1std/nios2eds/bin/gnu/h-x86_64-mingw32/bin/../lib/gcc/nios2-elf/12.3.1/../../../../../H-x86_64-mingw32/nios2-elf/lib/mno-hw-mul\libc.a(libc_a-isattyr.o)
                0x00049b10                _isatty_r
 .text          0x00049b68        0x0 c:/intelfpga_lite/23.1std/nios2eds/bin/gnu/h-x86_64-mingw32/bin/../lib/gcc/nios2-elf/12.3.1/../../../../../H-x86_64-mingw32/nios2-elf/lib/mno-hw-mul\libc.a(libc_a-sbrkr.o)
 .text._sbrk_r  0x00049b68       0x58 c:/intelfpga_lite/23.1std/nios2eds/bin/gnu/h-x86_64-mingw32/bin/../lib/gcc/nios2-elf/12.3.1/../../../../../H-x86_64-mingw32/nios2-elf/lib/mno-hw-mul\libc.a(libc_a-sbrkr.o)
                0x00049b68                _sbrk_r
 .text          0x00049bc0        0x0 c:/intelfpga_lite/23.1std/nios2eds/bin/gnu/h-x86_64-mingw32/bin/../lib/gcc/nios2-elf/12.3.1/../../../../../H-x86_64-mingw32/nios2-elf/lib/mno-hw-mul\libc.a(libc_a-__call_atexit.o)
 .text.__call_exitprocs
                0x00049bc0      0x118 c:/intelfpga_lite/23.1std/nios2eds/bin/gnu/h-x86_64-mingw32/bin/../lib/gcc/nios2-elf/12.3.1/../../../../../H-x86_64-mingw32/nios2-elf/lib/mno-hw-mul\libc.a(libc_a-__call_atexit.o)
                0x00049bc0                __call_exitprocs
 .text          0x00049cd8        0x0 c:/intelfpga_lite/23.1std/nios2eds/bin/gnu/h-x86_64-mingw32/bin/../lib/gcc/nios2-elf/12.3.1/../../../../../H-x86_64-mingw32/nios2-elf/lib/mno-hw-mul\libc.a(libc_a-assert.o)
 .text.__assert_func
                0x00049cd8       0x64 c:/intelfpga_lite/23.1std/nios2eds/bin/gnu/h-x86_64-mingw32/bin/../lib/gcc/nios2-elf/12.3.1/../../../../../H-x86_64-mingw32/nios2-elf/lib/mno-hw-mul\libc.a(libc_a-assert.o)
                0x00049cd8                __assert_func
 .text.__assert
                0x00049d3c       0x14 c:/intelfpga_lite/23.1std/nios2eds/bin/gnu/h-x86_64-mingw32/bin/../lib/gcc/nios2-elf/12.3.1/../../../../../H-x86_64-mingw32/nios2-elf/lib/mno-hw-mul\libc.a(libc_a-assert.o)
                0x00049d3c                __assert
 .text          0x00049d50        0x0 c:/intelfpga_lite/23.1std/nios2eds/bin/gnu/h-x86_64-mingw32/bin/../lib/gcc/nios2-elf/12.3.1/../../../../../H-x86_64-mingw32/nios2-elf/lib/mno-hw-mul\libc.a(libc_a-callocr.o)
 .text._calloc_r
                0x00049d50      0x168 c:/intelfpga_lite/23.1std/nios2eds/bin/gnu/h-x86_64-mingw32/bin/../lib/gcc/nios2-elf/12.3.1/../../../../../H-x86_64-mingw32/nios2-elf/lib/mno-hw-mul\libc.a(libc_a-callocr.o)
                0x00049d50                _calloc_r
 .text          0x00049eb8        0x0 c:/intelfpga_lite/23.1std/nios2eds/bin/gnu/h-x86_64-mingw32/bin/../lib/gcc/nios2-elf/12.3.1/../../../../../H-x86_64-mingw32/nios2-elf/lib/mno-hw-mul\libc.a(libc_a-fiprintf.o)
 .text._fiprintf_r
                0x00049eb8       0x20 c:/intelfpga_lite/23.1std/nios2eds/bin/gnu/h-x86_64-mingw32/bin/../lib/gcc/nios2-elf/12.3.1/../../../../../H-x86_64-mingw32/nios2-elf/lib/mno-hw-mul\libc.a(libc_a-fiprintf.o)
                0x00049eb8                _fiprintf_r
 .text.fiprintf
                0x00049ed8       0x38 c:/intelfpga_lite/23.1std/nios2eds/bin/gnu/h-x86_64-mingw32/bin/../lib/gcc/nios2-elf/12.3.1/../../../../../H-x86_64-mingw32/nios2-elf/lib/mno-hw-mul\libc.a(libc_a-fiprintf.o)
                0x00049ed8                fiprintf
 .text          0x00049f10        0x0 c:/intelfpga_lite/23.1std/nios2eds/bin/gnu/h-x86_64-mingw32/bin/../lib/gcc/nios2-elf/12.3.1/../../../../../H-x86_64-mingw32/nios2-elf/lib/mno-hw-mul\libc.a(libc_a-vfiprintfr_1.o)
 .text._vfiprintf_r
                0x00049f10        0x4 c:/intelfpga_lite/23.1std/nios2eds/bin/gnu/h-x86_64-mingw32/bin/../lib/gcc/nios2-elf/12.3.1/../../../../../H-x86_64-mingw32/nios2-elf/lib/mno-hw-mul\libc.a(libc_a-vfiprintfr_1.o)
                0x00049f10                _vfiprintf_r
 .text          0x00049f14        0x0 c:/intelfpga_lite/23.1std/nios2eds/bin/gnu/h-x86_64-mingw32/bin/../lib/gcc/nios2-elf/12.3.1/../../../../../H-x86_64-mingw32/nios2-elf/lib/mno-hw-mul\libc.a(libc_a-errno.o)
 .text.__errno  0x00049f14        0xc c:/intelfpga_lite/23.1std/nios2eds/bin/gnu/h-x86_64-mingw32/bin/../lib/gcc/nios2-elf/12.3.1/../../../../../H-x86_64-mingw32/nios2-elf/lib/mno-hw-mul\libc.a(libc_a-errno.o)
                0x00049f14                __errno
 .text          0x00049f20        0x0 c:/intelfpga_lite/23.1std/nios2eds/bin/gnu/h-x86_64-mingw32/bin/../lib/gcc/nios2-elf/12.3.1/../../../../../H-x86_64-mingw32/nios2-elf/lib/mno-hw-mul\libc.a(libc_a-abort.o)
 .text.abort    0x00049f20       0x18 c:/intelfpga_lite/23.1std/nios2eds/bin/gnu/h-x86_64-mingw32/bin/../lib/gcc/nios2-elf/12.3.1/../../../../../H-x86_64-mingw32/nios2-elf/lib/mno-hw-mul\libc.a(libc_a-abort.o)
                0x00049f20                abort
 .text          0x00049f38        0x0 c:/intelfpga_lite/23.1std/nios2eds/bin/gnu/h-x86_64-mingw32/bin/../lib/gcc/nios2-elf/12.3.1/../../../../../H-x86_64-mingw32/nios2-elf/lib/mno-hw-mul\libc.a(libc_a-signal.o)
 .text._init_signal_r
                0x00049f38       0x5c c:/intelfpga_lite/23.1std/nios2eds/bin/gnu/h-x86_64-mingw32/bin/../lib/gcc/nios2-elf/12.3.1/../../../../../H-x86_64-mingw32/nios2-elf/lib/mno-hw-mul\libc.a(libc_a-signal.o)
                0x00049f38                _init_signal_r
 .text._signal_r
                0x00049f94       0x8c c:/intelfpga_lite/23.1std/nios2eds/bin/gnu/h-x86_64-mingw32/bin/../lib/gcc/nios2-elf/12.3.1/../../../../../H-x86_64-mingw32/nios2-elf/lib/mno-hw-mul\libc.a(libc_a-signal.o)
                0x00049f94                _signal_r
 .text._raise_r
                0x0004a020       0xb0 c:/intelfpga_lite/23.1std/nios2eds/bin/gnu/h-x86_64-mingw32/bin/../lib/gcc/nios2-elf/12.3.1/../../../../../H-x86_64-mingw32/nios2-elf/lib/mno-hw-mul\libc.a(libc_a-signal.o)
                0x0004a020                _raise_r
 .text.__sigtramp_r
                0x0004a0d0       0xbc c:/intelfpga_lite/23.1std/nios2eds/bin/gnu/h-x86_64-mingw32/bin/../lib/gcc/nios2-elf/12.3.1/../../../../../H-x86_64-mingw32/nios2-elf/lib/mno-hw-mul\libc.a(libc_a-signal.o)
                0x0004a0d0                __sigtramp_r
 .text.raise    0x0004a18c       0xb4 c:/intelfpga_lite/23.1std/nios2eds/bin/gnu/h-x86_64-mingw32/bin/../lib/gcc/nios2-elf/12.3.1/../../../../../H-x86_64-mingw32/nios2-elf/lib/mno-hw-mul\libc.a(libc_a-signal.o)
                0x0004a18c                raise
 .text.signal   0x0004a240       0x98 c:/intelfpga_lite/23.1std/nios2eds/bin/gnu/h-x86_64-mingw32/bin/../lib/gcc/nios2-elf/12.3.1/../../../../../H-x86_64-mingw32/nios2-elf/lib/mno-hw-mul\libc.a(libc_a-signal.o)
                0x0004a240                signal
 .text._init_signal
                0x0004a2d8       0x60 c:/intelfpga_lite/23.1std/nios2eds/bin/gnu/h-x86_64-mingw32/bin/../lib/gcc/nios2-elf/12.3.1/../../../../../H-x86_64-mingw32/nios2-elf/lib/mno-hw-mul\libc.a(libc_a-signal.o)
                0x0004a2d8                _init_signal
 .text.__sigtramp
                0x0004a338       0xbc c:/intelfpga_lite/23.1std/nios2eds/bin/gnu/h-x86_64-mingw32/bin/../lib/gcc/nios2-elf/12.3.1/../../../../../H-x86_64-mingw32/nios2-elf/lib/mno-hw-mul\libc.a(libc_a-signal.o)
                0x0004a338                __sigtramp
 .text          0x0004a3f4        0x0 c:/intelfpga_lite/23.1std/nios2eds/bin/gnu/h-x86_64-mingw32/bin/../lib/gcc/nios2-elf/12.3.1/../../../../../H-x86_64-mingw32/nios2-elf/lib/mno-hw-mul\libc.a(libc_a-signalr.o)
 .text._kill_r  0x0004a3f4       0x60 c:/intelfpga_lite/23.1std/nios2eds/bin/gnu/h-x86_64-mingw32/bin/../lib/gcc/nios2-elf/12.3.1/../../../../../H-x86_64-mingw32/nios2-elf/lib/mno-hw-mul\libc.a(libc_a-signalr.o)
                0x0004a3f4                _kill_r
 .text._getpid_r
                0x0004a454        0x4 c:/intelfpga_lite/23.1std/nios2eds/bin/gnu/h-x86_64-mingw32/bin/../lib/gcc/nios2-elf/12.3.1/../../../../../H-x86_64-mingw32/nios2-elf/lib/mno-hw-mul\libc.a(libc_a-signalr.o)
                0x0004a454                _getpid_r
 .text          0x0004a458      0x5d8 c:/intelfpga_lite/23.1std/nios2eds/bin/gnu/h-x86_64-mingw32/bin/../lib/gcc/nios2-elf/12.3.1/mno-hw-mul\libgcc.a(_udivdi3.o)
                0x0004a458                __udivdi3
 .text          0x0004aa30      0x55c c:/intelfpga_lite/23.1std/nios2eds/bin/gnu/h-x86_64-mingw32/bin/../lib/gcc/nios2-elf/12.3.1/mno-hw-mul\libgcc.a(_umoddi3.o)
                0x0004aa30                __umoddi3
 .text          0x0004af8c      0x1b4 c:/intelfpga_lite/23.1std/nios2eds/bin/gnu/h-x86_64-mingw32/bin/../lib/gcc/nios2-elf/12.3.1/mno-hw-mul\libgcc.a(lib2-divmod.o)
                0x0004af8c                __divsi3
                0x0004b00c                __modsi3
                0x0004b080                __udivsi3
                0x0004b0e4                __umodsi3
 .text          0x0004b140       0x28 c:/intelfpga_lite/23.1std/nios2eds/bin/gnu/h-x86_64-mingw32/bin/../lib/gcc/nios2-elf/12.3.1/mno-hw-mul\libgcc.a(lib2-mul.o)
                0x0004b140                __mulsi3
 .text          0x0004b168      0x904 c:/intelfpga_lite/23.1std/nios2eds/bin/gnu/h-x86_64-mingw32/bin/../lib/gcc/nios2-elf/12.3.1/mno-hw-mul\libgcc.a(adddf3.o)
                0x0004b168                __adddf3
 .text          0x0004ba6c      0x8ec c:/intelfpga_lite/23.1std/nios2eds/bin/gnu/h-x86_64-mingw32/bin/../lib/gcc/nios2-elf/12.3.1/mno-hw-mul\libgcc.a(divdf3.o)
                0x0004ba6c                __divdf3
 .text          0x0004c358       0x94 c:/intelfpga_lite/23.1std/nios2eds/bin/gnu/h-x86_64-mingw32/bin/../lib/gcc/nios2-elf/12.3.1/mno-hw-mul\libgcc.a(eqdf2.o)
                0x0004c358                __nedf2
                0x0004c358                __eqdf2
 .text          0x0004c3ec       0xfc c:/intelfpga_lite/23.1std/nios2eds/bin/gnu/h-x86_64-mingw32/bin/../lib/gcc/nios2-elf/12.3.1/mno-hw-mul\libgcc.a(gedf2.o)
                0x0004c3ec                __gedf2
                0x0004c3ec                __gtdf2
 .text          0x0004c4e8       0xf8 c:/intelfpga_lite/23.1std/nios2eds/bin/gnu/h-x86_64-mingw32/bin/../lib/gcc/nios2-elf/12.3.1/mno-hw-mul\libgcc.a(ledf2.o)
                0x0004c4e8                __ledf2
                0x0004c4e8                __ltdf2
 .text          0x0004c5e0      0x808 c:/intelfpga_lite/23.1std/nios2eds/bin/gnu/h-x86_64-mingw32/bin/../lib/gcc/nios2-elf/12.3.1/mno-hw-mul\libgcc.a(muldf3.o)
                0x0004c5e0                __muldf3
 .text          0x0004cde8      0x99c c:/intelfpga_lite/23.1std/nios2eds/bin/gnu/h-x86_64-mingw32/bin/../lib/gcc/nios2-elf/12.3.1/mno-hw-mul\libgcc.a(subdf3.o)
                0x0004cde8                __subdf3
 .text          0x0004d784       0x54 c:/intelfpga_lite/23.1std/nios2eds/bin/gnu/h-x86_64-mingw32/bin/../lib/gcc/nios2-elf/12.3.1/mno-hw-mul\libgcc.a(unorddf2.o)
                0x0004d784                __unorddf2
 .text          0x0004d7d8       0x80 c:/intelfpga_lite/23.1std/nios2eds/bin/gnu/h-x86_64-mingw32/bin/../lib/gcc/nios2-elf/12.3.1/mno-hw-mul\libgcc.a(fixdfsi.o)
                0x0004d7d8                __fixdfsi
 .text          0x0004d858       0xb8 c:/intelfpga_lite/23.1std/nios2eds/bin/gnu/h-x86_64-mingw32/bin/../lib/gcc/nios2-elf/12.3.1/mno-hw-mul\libgcc.a(floatsidf.o)
                0x0004d858                __floatsidf
 .text          0x0004d910       0x90 c:/intelfpga_lite/23.1std/nios2eds/bin/gnu/h-x86_64-mingw32/bin/../lib/gcc/nios2-elf/12.3.1/mno-hw-mul\libgcc.a(floatunsidf.o)
                0x0004d910                __floatunsidf
 .text          0x0004d9a0        0x0 c:/intelfpga_lite/23.1std/nios2eds/bin/gnu/h-x86_64-mingw32/bin/../lib/gcc/nios2-elf/12.3.1/mno-hw-mul\libgcc.a(_clz.o)
 .text          0x0004d9a0       0x50 c:/intelfpga_lite/23.1std/nios2eds/bin/gnu/h-x86_64-mingw32/bin/../lib/gcc/nios2-elf/12.3.1/mno-hw-mul\libgcc.a(_clzsi2.o)
                0x0004d9a0                __clzsi2
 .text          0x0004d9f0      0x118 c:/Users/jacob/Documents/Quartus/Prosjektoppgave/I2C_MCU/software/KJIPPER_TAK_2_bsp/\libhal_bsp.a(alt_close.o)
                0x0004da2c                close
 .text          0x0004db08       0x2c c:/Users/jacob/Documents/Quartus/Prosjektoppgave/I2C_MCU/software/KJIPPER_TAK_2_bsp/\libhal_bsp.a(alt_dev.o)
 .text          0x0004db34        0x0 c:/Users/jacob/Documents/Quartus/Prosjektoppgave/I2C_MCU/software/KJIPPER_TAK_2_bsp/\libhal_bsp.a(alt_errno.o)
 .text          0x0004db34       0x3c c:/Users/jacob/Documents/Quartus/Prosjektoppgave/I2C_MCU/software/KJIPPER_TAK_2_bsp/\libhal_bsp.a(alt_exit.o)
                0x0004db34                _exit
 .text          0x0004db70       0xf8 c:/Users/jacob/Documents/Quartus/Prosjektoppgave/I2C_MCU/software/KJIPPER_TAK_2_bsp/\libhal_bsp.a(alt_fstat.o)
                0x0004dbac                fstat
 .text          0x0004dc68       0x20 c:/Users/jacob/Documents/Quartus/Prosjektoppgave/I2C_MCU/software/KJIPPER_TAK_2_bsp/\libhal_bsp.a(alt_getpid.o)
                0x0004dc68                getpid
 .text          0x0004dc88       0xec c:/Users/jacob/Documents/Quartus/Prosjektoppgave/I2C_MCU/software/KJIPPER_TAK_2_bsp/\libhal_bsp.a(alt_isatty.o)
                0x0004dcc4                isatty
 .text          0x0004dd74      0x12c c:/Users/jacob/Documents/Quartus/Prosjektoppgave/I2C_MCU/software/KJIPPER_TAK_2_bsp/\libhal_bsp.a(alt_kill.o)
                0x0004ddb0                kill
 .text          0x0004dea0       0xec c:/Users/jacob/Documents/Quartus/Prosjektoppgave/I2C_MCU/software/KJIPPER_TAK_2_bsp/\libhal_bsp.a(alt_load.o)
                0x0004df08                alt_load
 .text          0x0004df8c      0x11c c:/Users/jacob/Documents/Quartus/Prosjektoppgave/I2C_MCU/software/KJIPPER_TAK_2_bsp/\libhal_bsp.a(alt_lseek.o)
                0x0004dfc8                lseek
 .text          0x0004e0a8       0x7c c:/Users/jacob/Documents/Quartus/Prosjektoppgave/I2C_MCU/software/KJIPPER_TAK_2_bsp/\libhal_bsp.a(alt_main.o)
                0x0004e0a8                alt_main
 .text          0x0004e124       0x48 c:/Users/jacob/Documents/Quartus/Prosjektoppgave/I2C_MCU/software/KJIPPER_TAK_2_bsp/\libhal_bsp.a(alt_malloc_lock.o)
                0x0004e124                __malloc_lock
                0x0004e148                __malloc_unlock
 .text          0x0004e16c      0x144 c:/Users/jacob/Documents/Quartus/Prosjektoppgave/I2C_MCU/software/KJIPPER_TAK_2_bsp/\libhal_bsp.a(alt_read.o)
                0x0004e1a8                read
 .text          0x0004e2b0       0x70 c:/Users/jacob/Documents/Quartus/Prosjektoppgave/I2C_MCU/software/KJIPPER_TAK_2_bsp/\libhal_bsp.a(alt_release_fd.o)
                0x0004e2b0                alt_release_fd
 .text          0x0004e320       0xb8 c:/Users/jacob/Documents/Quartus/Prosjektoppgave/I2C_MCU/software/KJIPPER_TAK_2_bsp/\libhal_bsp.a(alt_sbrk.o)
                0x0004e320                sbrk
 .text          0x0004e3d8      0x140 c:/Users/jacob/Documents/Quartus/Prosjektoppgave/I2C_MCU/software/KJIPPER_TAK_2_bsp/\libhal_bsp.a(alt_write.o)
                0x0004e414                write
 .text          0x0004e518       0xb8 c:/Users/jacob/Documents/Quartus/Prosjektoppgave/I2C_MCU/software/KJIPPER_TAK_2_bsp/\libhal_bsp.a(alt_sys_init.o)
                0x0004e54c                alt_irq_init
                0x0004e588                alt_sys_init
 .text          0x0004e5d0      0x164 c:/Users/jacob/Documents/Quartus/Prosjektoppgave/I2C_MCU/software/KJIPPER_TAK_2_bsp/\libhal_bsp.a(altera_avalon_jtag_uart_fd.o)
                0x0004e5d0                altera_avalon_jtag_uart_read_fd
                0x0004e630                altera_avalon_jtag_uart_write_fd
                0x0004e690                altera_avalon_jtag_uart_close_fd
                0x0004e6e0                altera_avalon_jtag_uart_ioctl_fd
 .text          0x0004e734      0x3e4 c:/Users/jacob/Documents/Quartus/Prosjektoppgave/I2C_MCU/software/KJIPPER_TAK_2_bsp/\libhal_bsp.a(altera_avalon_jtag_uart_init.o)
                0x0004e734                altera_avalon_jtag_uart_init
                0x0004eab0                altera_avalon_jtag_uart_close
 .text          0x0004eb18       0xf4 c:/Users/jacob/Documents/Quartus/Prosjektoppgave/I2C_MCU/software/KJIPPER_TAK_2_bsp/\libhal_bsp.a(altera_avalon_jtag_uart_ioctl.o)
                0x0004eb18                altera_avalon_jtag_uart_ioctl
 .text          0x0004ec0c      0x220 c:/Users/jacob/Documents/Quartus/Prosjektoppgave/I2C_MCU/software/KJIPPER_TAK_2_bsp/\libhal_bsp.a(altera_avalon_jtag_uart_read.o)
                0x0004ec0c                altera_avalon_jtag_uart_read
 .text          0x0004ee2c      0x228 c:/Users/jacob/Documents/Quartus/Prosjektoppgave/I2C_MCU/software/KJIPPER_TAK_2_bsp/\libhal_bsp.a(altera_avalon_jtag_uart_write.o)
                0x0004ee2c                altera_avalon_jtag_uart_write
 .text          0x0004f054      0x160 c:/Users/jacob/Documents/Quartus/Prosjektoppgave/I2C_MCU/software/KJIPPER_TAK_2_bsp/\libhal_bsp.a(alt_alarm_start.o)
                0x0004f054                alt_alarm_start
 .text          0x0004f1b4       0x20 c:/Users/jacob/Documents/Quartus/Prosjektoppgave/I2C_MCU/software/KJIPPER_TAK_2_bsp/\libhal_bsp.a(alt_dcache_flush_all.o)
                0x0004f1b4                alt_dcache_flush_all
 .text          0x0004f1d4       0xe4 c:/Users/jacob/Documents/Quartus/Prosjektoppgave/I2C_MCU/software/KJIPPER_TAK_2_bsp/\libhal_bsp.a(alt_dev_llist_insert.o)
                0x0004f210                alt_dev_llist_insert
 .text          0x0004f2b8       0x64 c:/Users/jacob/Documents/Quartus/Prosjektoppgave/I2C_MCU/software/KJIPPER_TAK_2_bsp/\libhal_bsp.a(alt_do_ctors.o)
                0x0004f2b8                _do_ctors
 .text          0x0004f31c       0x64 c:/Users/jacob/Documents/Quartus/Prosjektoppgave/I2C_MCU/software/KJIPPER_TAK_2_bsp/\libhal_bsp.a(alt_do_dtors.o)
                0x0004f31c                _do_dtors
 .text          0x0004f380       0x20 c:/Users/jacob/Documents/Quartus/Prosjektoppgave/I2C_MCU/software/KJIPPER_TAK_2_bsp/\libhal_bsp.a(alt_icache_flush_all.o)
                0x0004f380                alt_icache_flush_all
 .text          0x0004f3a0      0x1b0 c:/Users/jacob/Documents/Quartus/Prosjektoppgave/I2C_MCU/software/KJIPPER_TAK_2_bsp/\libhal_bsp.a(alt_iic.o)
                0x0004f3a0                alt_ic_isr_register
                0x0004f3f0                alt_ic_irq_enable
                0x0004f478                alt_ic_irq_disable
                0x0004f504                alt_ic_irq_enabled
 .text          0x0004f550       0xe8 c:/Users/jacob/Documents/Quartus/Prosjektoppgave/I2C_MCU/software/KJIPPER_TAK_2_bsp/\libhal_bsp.a(alt_iic_isr_register.o)
                0x0004f550                alt_iic_isr_register
 .text          0x0004f638      0x150 c:/Users/jacob/Documents/Quartus/Prosjektoppgave/I2C_MCU/software/KJIPPER_TAK_2_bsp/\libhal_bsp.a(alt_io_redirect.o)
                0x0004f70c                alt_io_redirect
 .text          0x0004f788        0x0 c:/Users/jacob/Documents/Quartus/Prosjektoppgave/I2C_MCU/software/KJIPPER_TAK_2_bsp/\libhal_bsp.a(alt_irq_entry.o)
 .text          0x0004f788        0x0 c:/Users/jacob/Documents/Quartus/Prosjektoppgave/I2C_MCU/software/KJIPPER_TAK_2_bsp/\libhal_bsp.a(alt_irq_handler.o)
 .text          0x0004f788        0x0 c:/Users/jacob/Documents/Quartus/Prosjektoppgave/I2C_MCU/software/KJIPPER_TAK_2_bsp/\libhal_bsp.a(alt_irq_vars.o)
 .text          0x0004f788      0x278 c:/Users/jacob/Documents/Quartus/Prosjektoppgave/I2C_MCU/software/KJIPPER_TAK_2_bsp/\libhal_bsp.a(alt_open.o)
                0x0004f8a0                open
 .text          0x0004fa00      0x1d0 c:/Users/jacob/Documents/Quartus/Prosjektoppgave/I2C_MCU/software/KJIPPER_TAK_2_bsp/\libhal_bsp.a(alt_tick.o)
                0x0004fa00                alt_alarm_stop
                0x0004faa4                alt_tick
 .text          0x0004fbd0       0x24 c:/Users/jacob/Documents/Quartus/Prosjektoppgave/I2C_MCU/software/KJIPPER_TAK_2_bsp/\libhal_bsp.a(altera_nios2_gen2_irq.o)
                0x0004fbd0                altera_nios2_gen2_irq_init
 .text          0x0004fbf4        0x0 c:/Users/jacob/Documents/Quartus/Prosjektoppgave/I2C_MCU/software/KJIPPER_TAK_2_bsp/\libhal_bsp.a(alt_exception_entry.o)
 .text          0x0004fbf4       0x90 c:/Users/jacob/Documents/Quartus/Prosjektoppgave/I2C_MCU/software/KJIPPER_TAK_2_bsp/\libhal_bsp.a(alt_find_dev.o)
                0x0004fbf4                alt_find_dev
 .text          0x0004fc84      0x108 c:/Users/jacob/Documents/Quartus/Prosjektoppgave/I2C_MCU/software/KJIPPER_TAK_2_bsp/\libhal_bsp.a(alt_find_file.o)
                0x0004fc84                alt_find_file
 .text          0x0004fd8c       0xb8 c:/Users/jacob/Documents/Quartus/Prosjektoppgave/I2C_MCU/software/KJIPPER_TAK_2_bsp/\libhal_bsp.a(alt_get_fd.o)
                0x0004fd8c                alt_get_fd
 .text          0x0004fe44       0x74 c:/Users/jacob/Documents/Quartus/Prosjektoppgave/I2C_MCU/software/KJIPPER_TAK_2_bsp/\libhal_bsp.a(alt_instruction_exception_entry.o)
                0x0004fe44                alt_exception_cause_generated_bad_addr
 .text          0x0004feb8        0x0 c:/intelfpga_lite/23.1std/nios2eds/bin/gnu/h-x86_64-mingw32/bin/../lib/gcc/nios2-elf/12.3.1/../../../../../H-x86_64-mingw32/nios2-elf/lib/mno-hw-mul\libc.a(libc_a-atexit.o)
 .text.atexit   0x0004feb8       0x14 c:/intelfpga_lite/23.1std/nios2eds/bin/gnu/h-x86_64-mingw32/bin/../lib/gcc/nios2-elf/12.3.1/../../../../../H-x86_64-mingw32/nios2-elf/lib/mno-hw-mul\libc.a(libc_a-atexit.o)
                0x0004feb8                atexit
 .text          0x0004fecc        0x0 c:/intelfpga_lite/23.1std/nios2eds/bin/gnu/h-x86_64-mingw32/bin/../lib/gcc/nios2-elf/12.3.1/../../../../../H-x86_64-mingw32/nios2-elf/lib/mno-hw-mul\libc.a(libc_a-memcmp.o)
 .text.memcmp   0x0004fecc       0x78 c:/intelfpga_lite/23.1std/nios2eds/bin/gnu/h-x86_64-mingw32/bin/../lib/gcc/nios2-elf/12.3.1/../../../../../H-x86_64-mingw32/nios2-elf/lib/mno-hw-mul\libc.a(libc_a-memcmp.o)
                0x0004fecc                memcmp
 .text          0x0004ff44        0x0 c:/intelfpga_lite/23.1std/nios2eds/bin/gnu/h-x86_64-mingw32/bin/../lib/gcc/nios2-elf/12.3.1/../../../../../H-x86_64-mingw32/nios2-elf/lib/mno-hw-mul\libc.a(libc_a-__atexit.o)
 .text.__register_exitproc
                0x0004ff44       0x94 c:/intelfpga_lite/23.1std/nios2eds/bin/gnu/h-x86_64-mingw32/bin/../lib/gcc/nios2-elf/12.3.1/../../../../../H-x86_64-mingw32/nios2-elf/lib/mno-hw-mul\libc.a(libc_a-__atexit.o)
                0x0004ff44                __register_exitproc
 *(.gnu.warning.*)
 *(.fini)
                [!provide]                        PROVIDE (__etext = ABSOLUTE (.))
                [!provide]                        PROVIDE (_etext = ABSOLUTE (.))
                [!provide]                        PROVIDE (etext = ABSOLUTE (.))
 *(.eh_frame_hdr)
                0x0004ffd8                        . = ALIGN (0x4)
                [!provide]                        PROVIDE (__preinit_array_start = ABSOLUTE (.))
 *(.preinit_array)
                [!provide]                        PROVIDE (__preinit_array_end = ABSOLUTE (.))
                [!provide]                        PROVIDE (__init_array_start = ABSOLUTE (.))
 *(SORT_BY_INIT_PRIORITY(.init_array.*))
 *(.init_array)
                [!provide]                        PROVIDE (__init_array_end = ABSOLUTE (.))
                [!provide]                        PROVIDE (__fini_array_start = ABSOLUTE (.))
 *(.fini_array)
                [!provide]                        PROVIDE (__fini_array_end = ABSOLUTE (.))
 *(.eh_frame)
 *(.gcc_except_table .gcc_except_table.*)
 *(.dynamic)
                0x0004ffd8                        PROVIDE (__CTOR_LIST__ = ABSOLUTE (.))
 *(.ctors)
 *(SORT_BY_NAME(.ctors.*))
                0x0004ffd8                        PROVIDE (__CTOR_END__ = ABSOLUTE (.))
                0x0004ffd8                        PROVIDE (__DTOR_LIST__ = ABSOLUTE (.))
 *(.dtors)
 *(SORT_BY_NAME(.dtors.*))
                0x0004ffd8                        PROVIDE (__DTOR_END__ = ABSOLUTE (.))
 *(.jcr)
                0x0004ffd8                        . = ALIGN (0x4)

.rodata         0x0004ffd8      0x654
                0x0004ffd8                        PROVIDE (__ram_rodata_start = ABSOLUTE (.))
                0x0004ffd8                        . = ALIGN (0x4)
 *(.rodata .rodata.* .gnu.linkonce.r.*)
 .rodata        0x0004ffd8       0x20 obj/default/hello_world.o
 .rodata.___vfprintf_internal_r.str1.4
                0x0004fff8       0x42 c:/intelfpga_lite/23.1std/nios2eds/bin/gnu/h-x86_64-mingw32/bin/../lib/gcc/nios2-elf/12.3.1/../../../../../H-x86_64-mingw32/nios2-elf/lib/mno-hw-mul\libc.a(libc_a-vfprintf.o)
 *fill*         0x0005003a        0x2 
 .rodata.zeroes.0
                0x0005003c       0x10 c:/intelfpga_lite/23.1std/nios2eds/bin/gnu/h-x86_64-mingw32/bin/../lib/gcc/nios2-elf/12.3.1/../../../../../H-x86_64-mingw32/nios2-elf/lib/mno-hw-mul\libc.a(libc_a-vfprintf.o)
 .rodata.blanks.1
                0x0005004c       0x10 c:/intelfpga_lite/23.1std/nios2eds/bin/gnu/h-x86_64-mingw32/bin/../lib/gcc/nios2-elf/12.3.1/../../../../../H-x86_64-mingw32/nios2-elf/lib/mno-hw-mul\libc.a(libc_a-vfprintf.o)
 .rodata.___vfiprintf_internal_r.str1.4
                0x0005005c       0x2f c:/intelfpga_lite/23.1std/nios2eds/bin/gnu/h-x86_64-mingw32/bin/../lib/gcc/nios2-elf/12.3.1/../../../../../H-x86_64-mingw32/nios2-elf/lib/mno-hw-mul\libc.a(libc_a-vfiprintf.o)
 .rodata.zeroes.0
                0x0005005c       0x10 c:/intelfpga_lite/23.1std/nios2eds/bin/gnu/h-x86_64-mingw32/bin/../lib/gcc/nios2-elf/12.3.1/../../../../../H-x86_64-mingw32/nios2-elf/lib/mno-hw-mul\libc.a(libc_a-vfiprintf.o)
 .rodata.blanks.1
                0x0005006c       0x10 c:/intelfpga_lite/23.1std/nios2eds/bin/gnu/h-x86_64-mingw32/bin/../lib/gcc/nios2-elf/12.3.1/../../../../../H-x86_64-mingw32/nios2-elf/lib/mno-hw-mul\libc.a(libc_a-vfiprintf.o)
 .rodata._setlocale_r.str1.4
                0x0005007c        0xa c:/intelfpga_lite/23.1std/nios2eds/bin/gnu/h-x86_64-mingw32/bin/../lib/gcc/nios2-elf/12.3.1/../../../../../H-x86_64-mingw32/nios2-elf/lib/mno-hw-mul\libc.a(libc_a-locale.o)
                                  0xd (size before relaxing)
 *fill*         0x00050086        0x2 
 .rodata.str1.4
                0x00050088        0x2 c:/intelfpga_lite/23.1std/nios2eds/bin/gnu/h-x86_64-mingw32/bin/../lib/gcc/nios2-elf/12.3.1/../../../../../H-x86_64-mingw32/nios2-elf/lib/mno-hw-mul\libc.a(libc_a-locale.o)
 *fill*         0x0005008a        0x2 
 .rodata._dtoa_r.str1.4
                0x0005008c       0x5b c:/intelfpga_lite/23.1std/nios2eds/bin/gnu/h-x86_64-mingw32/bin/../lib/gcc/nios2-elf/12.3.1/../../../../../H-x86_64-mingw32/nios2-elf/lib/mno-hw-mul\libc.a(libc_a-dtoa.o)
                                 0x5f (size before relaxing)
 *fill*         0x000500e7        0x1 
 .rodata.__multadd.str1.4
                0x000500e8       0x38 c:/intelfpga_lite/23.1std/nios2eds/bin/gnu/h-x86_64-mingw32/bin/../lib/gcc/nios2-elf/12.3.1/../../../../../H-x86_64-mingw32/nios2-elf/lib/mno-hw-mul\libc.a(libc_a-mprec.o)
                                 0x4c (size before relaxing)
 .rodata.p05.0  0x00050120        0xc c:/intelfpga_lite/23.1std/nios2eds/bin/gnu/h-x86_64-mingw32/bin/../lib/gcc/nios2-elf/12.3.1/../../../../../H-x86_64-mingw32/nios2-elf/lib/mno-hw-mul\libc.a(libc_a-mprec.o)
 .rodata.__mprec_tinytens
                0x0005012c       0x28 c:/intelfpga_lite/23.1std/nios2eds/bin/gnu/h-x86_64-mingw32/bin/../lib/gcc/nios2-elf/12.3.1/../../../../../H-x86_64-mingw32/nios2-elf/lib/mno-hw-mul\libc.a(libc_a-mprec.o)
                0x0005012c                __mprec_tinytens
 .rodata.__mprec_bigtens
                0x00050154       0x28 c:/intelfpga_lite/23.1std/nios2eds/bin/gnu/h-x86_64-mingw32/bin/../lib/gcc/nios2-elf/12.3.1/../../../../../H-x86_64-mingw32/nios2-elf/lib/mno-hw-mul\libc.a(libc_a-mprec.o)
                0x00050154                __mprec_bigtens
 .rodata.__mprec_tens
                0x0005017c       0xc8 c:/intelfpga_lite/23.1std/nios2eds/bin/gnu/h-x86_64-mingw32/bin/../lib/gcc/nios2-elf/12.3.1/../../../../../H-x86_64-mingw32/nios2-elf/lib/mno-hw-mul\libc.a(libc_a-mprec.o)
                0x0005017c                __mprec_tens
 .rodata._ctype_
                0x00050244      0x101 c:/intelfpga_lite/23.1std/nios2eds/bin/gnu/h-x86_64-mingw32/bin/../lib/gcc/nios2-elf/12.3.1/../../../../../H-x86_64-mingw32/nios2-elf/lib/mno-hw-mul\libc.a(libc_a-ctype_.o)
                0x00050244                _ctype_
 *fill*         0x00050345        0x3 
 .rodata._ctype_b
                0x00050348      0x180 c:/intelfpga_lite/23.1std/nios2eds/bin/gnu/h-x86_64-mingw32/bin/../lib/gcc/nios2-elf/12.3.1/../../../../../H-x86_64-mingw32/nios2-elf/lib/mno-hw-mul\libc.a(libc_a-ctype_.o)
                0x00050348                _ctype_b
 .rodata.__assert_func.str1.4
                0x000504c8       0x3f c:/intelfpga_lite/23.1std/nios2eds/bin/gnu/h-x86_64-mingw32/bin/../lib/gcc/nios2-elf/12.3.1/../../../../../H-x86_64-mingw32/nios2-elf/lib/mno-hw-mul\libc.a(libc_a-assert.o)
                                 0x43 (size before relaxing)
 *fill*         0x00050507        0x1 
 .rodata        0x00050508      0x100 c:/intelfpga_lite/23.1std/nios2eds/bin/gnu/h-x86_64-mingw32/bin/../lib/gcc/nios2-elf/12.3.1/mno-hw-mul\libgcc.a(_clz.o)
                0x00050508                __clz_tab
 .rodata        0x00050608        0xa c:/Users/jacob/Documents/Quartus/Prosjektoppgave/I2C_MCU/software/KJIPPER_TAK_2_bsp/\libhal_bsp.a(alt_dev.o)
 *fill*         0x00050612        0x2 
 .rodata        0x00050614        0xa c:/Users/jacob/Documents/Quartus/Prosjektoppgave/I2C_MCU/software/KJIPPER_TAK_2_bsp/\libhal_bsp.a(alt_main.o)
 *fill*         0x0005061e        0x2 
 .rodata        0x00050620        0xa c:/Users/jacob/Documents/Quartus/Prosjektoppgave/I2C_MCU/software/KJIPPER_TAK_2_bsp/\libhal_bsp.a(alt_sys_init.o)
 *(.rodata1)
                0x0005062c                        . = ALIGN (0x4)
 *fill*         0x0005062a        0x2 
                0x0005062c                        PROVIDE (__ram_rodata_end = ABSOLUTE (.))
                0x0004ffd8                        PROVIDE (__flash_rodata_start = LOADADDR (.rodata))

.rwdata         0x0005062c     0x18d8 load address 0x00051f04
                0x0005062c                        PROVIDE (__ram_rwdata_start = ABSOLUTE (.))
                0x0005062c                        . = ALIGN (0x4)
 *(.got.plt)
 *(.got)
 *(.data1)
 *(.data .data.* .gnu.linkonce.d.*)
 .data          0x0005062c        0x0 c:/Users/jacob/Documents/Quartus/Prosjektoppgave/I2C_MCU/software/KJIPPER_TAK_2_bsp//obj/HAL/src/crt0.o
 .data          0x0005062c        0x0 obj/default/hello_world.o
 .data          0x0005062c        0x0 c:/intelfpga_lite/23.1std/nios2eds/bin/gnu/h-x86_64-mingw32/bin/../lib/gcc/nios2-elf/12.3.1/../../../../../H-x86_64-mingw32/nios2-elf/lib/mno-hw-mul\libc.a(libc_a-printf.o)
 .data          0x0005062c        0x0 c:/intelfpga_lite/23.1std/nios2eds/bin/gnu/h-x86_64-mingw32/bin/../lib/gcc/nios2-elf/12.3.1/../../../../../H-x86_64-mingw32/nios2-elf/lib/mno-hw-mul\libc.a(libc_a-impure.o)
 .data._impure_data
                0x0005062c      0x11c c:/intelfpga_lite/23.1std/nios2eds/bin/gnu/h-x86_64-mingw32/bin/../lib/gcc/nios2-elf/12.3.1/../../../../../H-x86_64-mingw32/nios2-elf/lib/mno-hw-mul\libc.a(libc_a-impure.o)
                0x0005062c                _impure_data
 .data          0x00050748        0x0 c:/intelfpga_lite/23.1std/nios2eds/bin/gnu/h-x86_64-mingw32/bin/../lib/gcc/nios2-elf/12.3.1/../../../../../H-x86_64-mingw32/nios2-elf/lib/mno-hw-mul\libc.a(libc_a-vfprintf.o)
 .data          0x00050748        0x0 c:/intelfpga_lite/23.1std/nios2eds/bin/gnu/h-x86_64-mingw32/bin/../lib/gcc/nios2-elf/12.3.1/../../../../../H-x86_64-mingw32/nios2-elf/lib/mno-hw-mul\libc.a(libc_a-vfiprintf.o)
 .data          0x00050748        0x0 c:/intelfpga_lite/23.1std/nios2eds/bin/gnu/h-x86_64-mingw32/bin/../lib/gcc/nios2-elf/12.3.1/../../../../../H-x86_64-mingw32/nios2-elf/lib/mno-hw-mul\libc.a(libc_a-fflush.o)
 .data          0x00050748        0x0 c:/intelfpga_lite/23.1std/nios2eds/bin/gnu/h-x86_64-mingw32/bin/../lib/gcc/nios2-elf/12.3.1/../../../../../H-x86_64-mingw32/nios2-elf/lib/mno-hw-mul\libc.a(libc_a-findfp.o)
 .data.__sglue  0x00050748        0xc c:/intelfpga_lite/23.1std/nios2eds/bin/gnu/h-x86_64-mingw32/bin/../lib/gcc/nios2-elf/12.3.1/../../../../../H-x86_64-mingw32/nios2-elf/lib/mno-hw-mul\libc.a(libc_a-findfp.o)
                0x00050748                __sglue
 .data          0x00050754        0x0 c:/intelfpga_lite/23.1std/nios2eds/bin/gnu/h-x86_64-mingw32/bin/../lib/gcc/nios2-elf/12.3.1/../../../../../H-x86_64-mingw32/nios2-elf/lib/mno-hw-mul\libc.a(libc_a-fvwrite.o)
 .data          0x00050754        0x0 c:/intelfpga_lite/23.1std/nios2eds/bin/gnu/h-x86_64-mingw32/bin/../lib/gcc/nios2-elf/12.3.1/../../../../../H-x86_64-mingw32/nios2-elf/lib/mno-hw-mul\libc.a(libc_a-fwalk.o)
 .data          0x00050754        0x0 c:/intelfpga_lite/23.1std/nios2eds/bin/gnu/h-x86_64-mingw32/bin/../lib/gcc/nios2-elf/12.3.1/../../../../../H-x86_64-mingw32/nios2-elf/lib/mno-hw-mul\libc.a(libc_a-stdio.o)
 .data          0x00050754        0x0 c:/intelfpga_lite/23.1std/nios2eds/bin/gnu/h-x86_64-mingw32/bin/../lib/gcc/nios2-elf/12.3.1/../../../../../H-x86_64-mingw32/nios2-elf/lib/mno-hw-mul\libc.a(libc_a-wsetup.o)
 .data          0x00050754        0x0 c:/intelfpga_lite/23.1std/nios2eds/bin/gnu/h-x86_64-mingw32/bin/../lib/gcc/nios2-elf/12.3.1/../../../../../H-x86_64-mingw32/nios2-elf/lib/mno-hw-mul\libc.a(libc_a-fputwc.o)
 .data          0x00050754        0x0 c:/intelfpga_lite/23.1std/nios2eds/bin/gnu/h-x86_64-mingw32/bin/../lib/gcc/nios2-elf/12.3.1/../../../../../H-x86_64-mingw32/nios2-elf/lib/mno-hw-mul\libc.a(libc_a-memchr.o)
 .data          0x00050754        0x0 c:/intelfpga_lite/23.1std/nios2eds/bin/gnu/h-x86_64-mingw32/bin/../lib/gcc/nios2-elf/12.3.1/../../../../../H-x86_64-mingw32/nios2-elf/lib/mno-hw-mul\libc.a(libc_a-memcpy.o)
 .data          0x00050754        0x0 c:/intelfpga_lite/23.1std/nios2eds/bin/gnu/h-x86_64-mingw32/bin/../lib/gcc/nios2-elf/12.3.1/../../../../../H-x86_64-mingw32/nios2-elf/lib/mno-hw-mul\libc.a(libc_a-memmove.o)
 .data          0x00050754        0x0 c:/intelfpga_lite/23.1std/nios2eds/bin/gnu/h-x86_64-mingw32/bin/../lib/gcc/nios2-elf/12.3.1/../../../../../H-x86_64-mingw32/nios2-elf/lib/mno-hw-mul\libc.a(libc_a-memset.o)
 .data          0x00050754        0x0 c:/intelfpga_lite/23.1std/nios2eds/bin/gnu/h-x86_64-mingw32/bin/../lib/gcc/nios2-elf/12.3.1/../../../../../H-x86_64-mingw32/nios2-elf/lib/mno-hw-mul\libc.a(libc_a-strlen.o)
 .data          0x00050754        0x0 c:/intelfpga_lite/23.1std/nios2eds/bin/gnu/h-x86_64-mingw32/bin/../lib/gcc/nios2-elf/12.3.1/../../../../../H-x86_64-mingw32/nios2-elf/lib/mno-hw-mul\libc.a(libc_a-locale.o)
 .data.__global_locale
                0x00050754      0x16c c:/intelfpga_lite/23.1std/nios2eds/bin/gnu/h-x86_64-mingw32/bin/../lib/gcc/nios2-elf/12.3.1/../../../../../H-x86_64-mingw32/nios2-elf/lib/mno-hw-mul\libc.a(libc_a-locale.o)
                0x00050754                __global_locale
 .data          0x000508c0        0x0 c:/intelfpga_lite/23.1std/nios2eds/bin/gnu/h-x86_64-mingw32/bin/../lib/gcc/nios2-elf/12.3.1/../../../../../H-x86_64-mingw32/nios2-elf/lib/mno-hw-mul\libc.a(libc_a-localeconv.o)
 .data          0x000508c0        0x0 c:/intelfpga_lite/23.1std/nios2eds/bin/gnu/h-x86_64-mingw32/bin/../lib/gcc/nios2-elf/12.3.1/../../../../../H-x86_64-mingw32/nios2-elf/lib/mno-hw-mul\libc.a(libc_a-closer.o)
 .data          0x000508c0        0x0 c:/intelfpga_lite/23.1std/nios2eds/bin/gnu/h-x86_64-mingw32/bin/../lib/gcc/nios2-elf/12.3.1/../../../../../H-x86_64-mingw32/nios2-elf/lib/mno-hw-mul\libc.a(libc_a-reent.o)
 .data          0x000508c0        0x0 c:/intelfpga_lite/23.1std/nios2eds/bin/gnu/h-x86_64-mingw32/bin/../lib/gcc/nios2-elf/12.3.1/../../../../../H-x86_64-mingw32/nios2-elf/lib/mno-hw-mul\libc.a(libc_a-lseekr.o)
 .data          0x000508c0        0x0 c:/intelfpga_lite/23.1std/nios2eds/bin/gnu/h-x86_64-mingw32/bin/../lib/gcc/nios2-elf/12.3.1/../../../../../H-x86_64-mingw32/nios2-elf/lib/mno-hw-mul\libc.a(libc_a-readr.o)
 .data          0x000508c0        0x0 c:/intelfpga_lite/23.1std/nios2eds/bin/gnu/h-x86_64-mingw32/bin/../lib/gcc/nios2-elf/12.3.1/../../../../../H-x86_64-mingw32/nios2-elf/lib/mno-hw-mul\libc.a(libc_a-writer.o)
 .data          0x000508c0        0x0 c:/intelfpga_lite/23.1std/nios2eds/bin/gnu/h-x86_64-mingw32/bin/../lib/gcc/nios2-elf/12.3.1/../../../../../H-x86_64-mingw32/nios2-elf/lib/mno-hw-mul\libc.a(libc_a-dtoa.o)
 .data          0x000508c0        0x0 c:/intelfpga_lite/23.1std/nios2eds/bin/gnu/h-x86_64-mingw32/bin/../lib/gcc/nios2-elf/12.3.1/../../../../../H-x86_64-mingw32/nios2-elf/lib/mno-hw-mul\libc.a(libc_a-exit.o)
 .data          0x000508c0        0x0 c:/intelfpga_lite/23.1std/nios2eds/bin/gnu/h-x86_64-mingw32/bin/../lib/gcc/nios2-elf/12.3.1/../../../../../H-x86_64-mingw32/nios2-elf/lib/mno-hw-mul\libc.a(libc_a-freer.o)
 .data          0x000508c0        0x0 c:/intelfpga_lite/23.1std/nios2eds/bin/gnu/h-x86_64-mingw32/bin/../lib/gcc/nios2-elf/12.3.1/../../../../../H-x86_64-mingw32/nios2-elf/lib/mno-hw-mul\libc.a(libc_a-mallocr.o)
 .data.__malloc_av_
                0x000508c0      0x408 c:/intelfpga_lite/23.1std/nios2eds/bin/gnu/h-x86_64-mingw32/bin/../lib/gcc/nios2-elf/12.3.1/../../../../../H-x86_64-mingw32/nios2-elf/lib/mno-hw-mul\libc.a(libc_a-mallocr.o)
                0x000508c0                __malloc_av_
 .data          0x00050cc8        0x0 c:/intelfpga_lite/23.1std/nios2eds/bin/gnu/h-x86_64-mingw32/bin/../lib/gcc/nios2-elf/12.3.1/../../../../../H-x86_64-mingw32/nios2-elf/lib/mno-hw-mul\libc.a(libc_a-mbtowc_r.o)
 .data          0x00050cc8        0x0 c:/intelfpga_lite/23.1std/nios2eds/bin/gnu/h-x86_64-mingw32/bin/../lib/gcc/nios2-elf/12.3.1/../../../../../H-x86_64-mingw32/nios2-elf/lib/mno-hw-mul\libc.a(libc_a-mprec.o)
 .data          0x00050cc8        0x0 c:/intelfpga_lite/23.1std/nios2eds/bin/gnu/h-x86_64-mingw32/bin/../lib/gcc/nios2-elf/12.3.1/../../../../../H-x86_64-mingw32/nios2-elf/lib/mno-hw-mul\libc.a(libc_a-reallocr.o)
 .data          0x00050cc8        0x0 c:/intelfpga_lite/23.1std/nios2eds/bin/gnu/h-x86_64-mingw32/bin/../lib/gcc/nios2-elf/12.3.1/../../../../../H-x86_64-mingw32/nios2-elf/lib/mno-hw-mul\libc.a(libc_a-wctomb_r.o)
 .data          0x00050cc8        0x0 c:/intelfpga_lite/23.1std/nios2eds/bin/gnu/h-x86_64-mingw32/bin/../lib/gcc/nios2-elf/12.3.1/../../../../../H-x86_64-mingw32/nios2-elf/lib/mno-hw-mul\libc.a(libc_a-wcrtomb.o)
 .data          0x00050cc8        0x0 c:/intelfpga_lite/23.1std/nios2eds/bin/gnu/h-x86_64-mingw32/bin/../lib/gcc/nios2-elf/12.3.1/../../../../../H-x86_64-mingw32/nios2-elf/lib/mno-hw-mul\libc.a(libc_a-ctype_.o)
 .data          0x00050cc8        0x0 c:/intelfpga_lite/23.1std/nios2eds/bin/gnu/h-x86_64-mingw32/bin/../lib/gcc/nios2-elf/12.3.1/../../../../../H-x86_64-mingw32/nios2-elf/lib/mno-hw-mul\libc.a(libc_a-fclose.o)
 .data          0x00050cc8        0x0 c:/intelfpga_lite/23.1std/nios2eds/bin/gnu/h-x86_64-mingw32/bin/../lib/gcc/nios2-elf/12.3.1/../../../../../H-x86_64-mingw32/nios2-elf/lib/mno-hw-mul\libc.a(libc_a-makebuf.o)
 .data          0x00050cc8        0x0 c:/intelfpga_lite/23.1std/nios2eds/bin/gnu/h-x86_64-mingw32/bin/../lib/gcc/nios2-elf/12.3.1/../../../../../H-x86_64-mingw32/nios2-elf/lib/mno-hw-mul\libc.a(libc_a-wbuf.o)
 .data          0x00050cc8        0x0 c:/intelfpga_lite/23.1std/nios2eds/bin/gnu/h-x86_64-mingw32/bin/../lib/gcc/nios2-elf/12.3.1/../../../../../H-x86_64-mingw32/nios2-elf/lib/mno-hw-mul\libc.a(libc_a-strcmp.o)
 .data          0x00050cc8        0x0 c:/intelfpga_lite/23.1std/nios2eds/bin/gnu/h-x86_64-mingw32/bin/../lib/gcc/nios2-elf/12.3.1/../../../../../H-x86_64-mingw32/nios2-elf/lib/mno-hw-mul\libc.a(libc_a-fstatr.o)
 .data          0x00050cc8        0x0 c:/intelfpga_lite/23.1std/nios2eds/bin/gnu/h-x86_64-mingw32/bin/../lib/gcc/nios2-elf/12.3.1/../../../../../H-x86_64-mingw32/nios2-elf/lib/mno-hw-mul\libc.a(libc_a-isattyr.o)
 .data          0x00050cc8        0x0 c:/intelfpga_lite/23.1std/nios2eds/bin/gnu/h-x86_64-mingw32/bin/../lib/gcc/nios2-elf/12.3.1/../../../../../H-x86_64-mingw32/nios2-elf/lib/mno-hw-mul\libc.a(libc_a-sbrkr.o)
 .data          0x00050cc8        0x0 c:/intelfpga_lite/23.1std/nios2eds/bin/gnu/h-x86_64-mingw32/bin/../lib/gcc/nios2-elf/12.3.1/../../../../../H-x86_64-mingw32/nios2-elf/lib/mno-hw-mul\libc.a(libc_a-__call_atexit.o)
 .data          0x00050cc8        0x0 c:/intelfpga_lite/23.1std/nios2eds/bin/gnu/h-x86_64-mingw32/bin/../lib/gcc/nios2-elf/12.3.1/../../../../../H-x86_64-mingw32/nios2-elf/lib/mno-hw-mul\libc.a(libc_a-assert.o)
 .data          0x00050cc8        0x0 c:/intelfpga_lite/23.1std/nios2eds/bin/gnu/h-x86_64-mingw32/bin/../lib/gcc/nios2-elf/12.3.1/../../../../../H-x86_64-mingw32/nios2-elf/lib/mno-hw-mul\libc.a(libc_a-callocr.o)
 .data          0x00050cc8        0x0 c:/intelfpga_lite/23.1std/nios2eds/bin/gnu/h-x86_64-mingw32/bin/../lib/gcc/nios2-elf/12.3.1/../../../../../H-x86_64-mingw32/nios2-elf/lib/mno-hw-mul\libc.a(libc_a-fiprintf.o)
 .data          0x00050cc8        0x0 c:/intelfpga_lite/23.1std/nios2eds/bin/gnu/h-x86_64-mingw32/bin/../lib/gcc/nios2-elf/12.3.1/../../../../../H-x86_64-mingw32/nios2-elf/lib/mno-hw-mul\libc.a(libc_a-vfiprintfr_1.o)
 .data          0x00050cc8        0x0 c:/intelfpga_lite/23.1std/nios2eds/bin/gnu/h-x86_64-mingw32/bin/../lib/gcc/nios2-elf/12.3.1/../../../../../H-x86_64-mingw32/nios2-elf/lib/mno-hw-mul\libc.a(libc_a-errno.o)
 .data          0x00050cc8        0x0 c:/intelfpga_lite/23.1std/nios2eds/bin/gnu/h-x86_64-mingw32/bin/../lib/gcc/nios2-elf/12.3.1/../../../../../H-x86_64-mingw32/nios2-elf/lib/mno-hw-mul\libc.a(libc_a-abort.o)
 .data          0x00050cc8        0x0 c:/intelfpga_lite/23.1std/nios2eds/bin/gnu/h-x86_64-mingw32/bin/../lib/gcc/nios2-elf/12.3.1/../../../../../H-x86_64-mingw32/nios2-elf/lib/mno-hw-mul\libc.a(libc_a-signal.o)
 .data          0x00050cc8        0x0 c:/intelfpga_lite/23.1std/nios2eds/bin/gnu/h-x86_64-mingw32/bin/../lib/gcc/nios2-elf/12.3.1/../../../../../H-x86_64-mingw32/nios2-elf/lib/mno-hw-mul\libc.a(libc_a-signalr.o)
 .data          0x00050cc8        0x0 c:/intelfpga_lite/23.1std/nios2eds/bin/gnu/h-x86_64-mingw32/bin/../lib/gcc/nios2-elf/12.3.1/mno-hw-mul\libgcc.a(_udivdi3.o)
 .data          0x00050cc8        0x0 c:/intelfpga_lite/23.1std/nios2eds/bin/gnu/h-x86_64-mingw32/bin/../lib/gcc/nios2-elf/12.3.1/mno-hw-mul\libgcc.a(_umoddi3.o)
 .data          0x00050cc8        0x0 c:/intelfpga_lite/23.1std/nios2eds/bin/gnu/h-x86_64-mingw32/bin/../lib/gcc/nios2-elf/12.3.1/mno-hw-mul\libgcc.a(lib2-divmod.o)
 .data          0x00050cc8        0x0 c:/intelfpga_lite/23.1std/nios2eds/bin/gnu/h-x86_64-mingw32/bin/../lib/gcc/nios2-elf/12.3.1/mno-hw-mul\libgcc.a(lib2-mul.o)
 .data          0x00050cc8        0x0 c:/intelfpga_lite/23.1std/nios2eds/bin/gnu/h-x86_64-mingw32/bin/../lib/gcc/nios2-elf/12.3.1/mno-hw-mul\libgcc.a(adddf3.o)
 .data          0x00050cc8        0x0 c:/intelfpga_lite/23.1std/nios2eds/bin/gnu/h-x86_64-mingw32/bin/../lib/gcc/nios2-elf/12.3.1/mno-hw-mul\libgcc.a(divdf3.o)
 .data          0x00050cc8        0x0 c:/intelfpga_lite/23.1std/nios2eds/bin/gnu/h-x86_64-mingw32/bin/../lib/gcc/nios2-elf/12.3.1/mno-hw-mul\libgcc.a(eqdf2.o)
 .data          0x00050cc8        0x0 c:/intelfpga_lite/23.1std/nios2eds/bin/gnu/h-x86_64-mingw32/bin/../lib/gcc/nios2-elf/12.3.1/mno-hw-mul\libgcc.a(gedf2.o)
 .data          0x00050cc8        0x0 c:/intelfpga_lite/23.1std/nios2eds/bin/gnu/h-x86_64-mingw32/bin/../lib/gcc/nios2-elf/12.3.1/mno-hw-mul\libgcc.a(ledf2.o)
 .data          0x00050cc8        0x0 c:/intelfpga_lite/23.1std/nios2eds/bin/gnu/h-x86_64-mingw32/bin/../lib/gcc/nios2-elf/12.3.1/mno-hw-mul\libgcc.a(muldf3.o)
 .data          0x00050cc8        0x0 c:/intelfpga_lite/23.1std/nios2eds/bin/gnu/h-x86_64-mingw32/bin/../lib/gcc/nios2-elf/12.3.1/mno-hw-mul\libgcc.a(subdf3.o)
 .data          0x00050cc8        0x0 c:/intelfpga_lite/23.1std/nios2eds/bin/gnu/h-x86_64-mingw32/bin/../lib/gcc/nios2-elf/12.3.1/mno-hw-mul\libgcc.a(unorddf2.o)
 .data          0x00050cc8        0x0 c:/intelfpga_lite/23.1std/nios2eds/bin/gnu/h-x86_64-mingw32/bin/../lib/gcc/nios2-elf/12.3.1/mno-hw-mul\libgcc.a(fixdfsi.o)
 .data          0x00050cc8        0x0 c:/intelfpga_lite/23.1std/nios2eds/bin/gnu/h-x86_64-mingw32/bin/../lib/gcc/nios2-elf/12.3.1/mno-hw-mul\libgcc.a(floatsidf.o)
 .data          0x00050cc8        0x0 c:/intelfpga_lite/23.1std/nios2eds/bin/gnu/h-x86_64-mingw32/bin/../lib/gcc/nios2-elf/12.3.1/mno-hw-mul\libgcc.a(floatunsidf.o)
 .data          0x00050cc8        0x0 c:/intelfpga_lite/23.1std/nios2eds/bin/gnu/h-x86_64-mingw32/bin/../lib/gcc/nios2-elf/12.3.1/mno-hw-mul\libgcc.a(_clz.o)
 .data          0x00050cc8        0x0 c:/intelfpga_lite/23.1std/nios2eds/bin/gnu/h-x86_64-mingw32/bin/../lib/gcc/nios2-elf/12.3.1/mno-hw-mul\libgcc.a(_clzsi2.o)
 .data          0x00050cc8        0x0 c:/Users/jacob/Documents/Quartus/Prosjektoppgave/I2C_MCU/software/KJIPPER_TAK_2_bsp/\libhal_bsp.a(alt_close.o)
 .data          0x00050cc8      0x1a8 c:/Users/jacob/Documents/Quartus/Prosjektoppgave/I2C_MCU/software/KJIPPER_TAK_2_bsp/\libhal_bsp.a(alt_dev.o)
                0x00050cc8                alt_dev_null
                0x00050cf0                alt_fd_list
 .data          0x00050e70        0x0 c:/Users/jacob/Documents/Quartus/Prosjektoppgave/I2C_MCU/software/KJIPPER_TAK_2_bsp/\libhal_bsp.a(alt_errno.o)
 .data          0x00050e70        0x0 c:/Users/jacob/Documents/Quartus/Prosjektoppgave/I2C_MCU/software/KJIPPER_TAK_2_bsp/\libhal_bsp.a(alt_exit.o)
 .data          0x00050e70        0x0 c:/Users/jacob/Documents/Quartus/Prosjektoppgave/I2C_MCU/software/KJIPPER_TAK_2_bsp/\libhal_bsp.a(alt_fstat.o)
 .data          0x00050e70        0x0 c:/Users/jacob/Documents/Quartus/Prosjektoppgave/I2C_MCU/software/KJIPPER_TAK_2_bsp/\libhal_bsp.a(alt_getpid.o)
 .data          0x00050e70        0x0 c:/Users/jacob/Documents/Quartus/Prosjektoppgave/I2C_MCU/software/KJIPPER_TAK_2_bsp/\libhal_bsp.a(alt_isatty.o)
 .data          0x00050e70        0x0 c:/Users/jacob/Documents/Quartus/Prosjektoppgave/I2C_MCU/software/KJIPPER_TAK_2_bsp/\libhal_bsp.a(alt_kill.o)
 .data          0x00050e70        0x0 c:/Users/jacob/Documents/Quartus/Prosjektoppgave/I2C_MCU/software/KJIPPER_TAK_2_bsp/\libhal_bsp.a(alt_load.o)
 .data          0x00050e70        0x0 c:/Users/jacob/Documents/Quartus/Prosjektoppgave/I2C_MCU/software/KJIPPER_TAK_2_bsp/\libhal_bsp.a(alt_lseek.o)
 .data          0x00050e70        0x0 c:/Users/jacob/Documents/Quartus/Prosjektoppgave/I2C_MCU/software/KJIPPER_TAK_2_bsp/\libhal_bsp.a(alt_main.o)
 .data          0x00050e70        0x0 c:/Users/jacob/Documents/Quartus/Prosjektoppgave/I2C_MCU/software/KJIPPER_TAK_2_bsp/\libhal_bsp.a(alt_malloc_lock.o)
 .data          0x00050e70        0x0 c:/Users/jacob/Documents/Quartus/Prosjektoppgave/I2C_MCU/software/KJIPPER_TAK_2_bsp/\libhal_bsp.a(alt_read.o)
 .data          0x00050e70        0x0 c:/Users/jacob/Documents/Quartus/Prosjektoppgave/I2C_MCU/software/KJIPPER_TAK_2_bsp/\libhal_bsp.a(alt_release_fd.o)
 .data          0x00050e70        0x0 c:/Users/jacob/Documents/Quartus/Prosjektoppgave/I2C_MCU/software/KJIPPER_TAK_2_bsp/\libhal_bsp.a(alt_sbrk.o)
 .data          0x00050e70        0x0 c:/Users/jacob/Documents/Quartus/Prosjektoppgave/I2C_MCU/software/KJIPPER_TAK_2_bsp/\libhal_bsp.a(alt_write.o)
 .data          0x00050e70     0x1060 c:/Users/jacob/Documents/Quartus/Prosjektoppgave/I2C_MCU/software/KJIPPER_TAK_2_bsp/\libhal_bsp.a(alt_sys_init.o)
 .data          0x00051ed0        0x0 c:/Users/jacob/Documents/Quartus/Prosjektoppgave/I2C_MCU/software/KJIPPER_TAK_2_bsp/\libhal_bsp.a(altera_avalon_jtag_uart_fd.o)
 .data          0x00051ed0        0x0 c:/Users/jacob/Documents/Quartus/Prosjektoppgave/I2C_MCU/software/KJIPPER_TAK_2_bsp/\libhal_bsp.a(altera_avalon_jtag_uart_init.o)
 .data          0x00051ed0        0x0 c:/Users/jacob/Documents/Quartus/Prosjektoppgave/I2C_MCU/software/KJIPPER_TAK_2_bsp/\libhal_bsp.a(altera_avalon_jtag_uart_ioctl.o)
 .data          0x00051ed0        0x0 c:/Users/jacob/Documents/Quartus/Prosjektoppgave/I2C_MCU/software/KJIPPER_TAK_2_bsp/\libhal_bsp.a(altera_avalon_jtag_uart_read.o)
 .data          0x00051ed0        0x0 c:/Users/jacob/Documents/Quartus/Prosjektoppgave/I2C_MCU/software/KJIPPER_TAK_2_bsp/\libhal_bsp.a(altera_avalon_jtag_uart_write.o)
 .data          0x00051ed0        0x0 c:/Users/jacob/Documents/Quartus/Prosjektoppgave/I2C_MCU/software/KJIPPER_TAK_2_bsp/\libhal_bsp.a(alt_alarm_start.o)
 .data          0x00051ed0        0x0 c:/Users/jacob/Documents/Quartus/Prosjektoppgave/I2C_MCU/software/KJIPPER_TAK_2_bsp/\libhal_bsp.a(alt_dcache_flush_all.o)
 .data          0x00051ed0        0x0 c:/Users/jacob/Documents/Quartus/Prosjektoppgave/I2C_MCU/software/KJIPPER_TAK_2_bsp/\libhal_bsp.a(alt_dev_llist_insert.o)
 .data          0x00051ed0        0x0 c:/Users/jacob/Documents/Quartus/Prosjektoppgave/I2C_MCU/software/KJIPPER_TAK_2_bsp/\libhal_bsp.a(alt_do_ctors.o)
 .data          0x00051ed0        0x0 c:/Users/jacob/Documents/Quartus/Prosjektoppgave/I2C_MCU/software/KJIPPER_TAK_2_bsp/\libhal_bsp.a(alt_do_dtors.o)
 .data          0x00051ed0        0x0 c:/Users/jacob/Documents/Quartus/Prosjektoppgave/I2C_MCU/software/KJIPPER_TAK_2_bsp/\libhal_bsp.a(alt_icache_flush_all.o)
 .data          0x00051ed0        0x0 c:/Users/jacob/Documents/Quartus/Prosjektoppgave/I2C_MCU/software/KJIPPER_TAK_2_bsp/\libhal_bsp.a(alt_iic.o)
 .data          0x00051ed0        0x0 c:/Users/jacob/Documents/Quartus/Prosjektoppgave/I2C_MCU/software/KJIPPER_TAK_2_bsp/\libhal_bsp.a(alt_iic_isr_register.o)
 .data          0x00051ed0        0x0 c:/Users/jacob/Documents/Quartus/Prosjektoppgave/I2C_MCU/software/KJIPPER_TAK_2_bsp/\libhal_bsp.a(alt_io_redirect.o)
 .data          0x00051ed0        0x0 c:/Users/jacob/Documents/Quartus/Prosjektoppgave/I2C_MCU/software/KJIPPER_TAK_2_bsp/\libhal_bsp.a(alt_irq_entry.o)
 .data          0x00051ed0        0x0 c:/Users/jacob/Documents/Quartus/Prosjektoppgave/I2C_MCU/software/KJIPPER_TAK_2_bsp/\libhal_bsp.a(alt_irq_handler.o)
 .data          0x00051ed0        0x0 c:/Users/jacob/Documents/Quartus/Prosjektoppgave/I2C_MCU/software/KJIPPER_TAK_2_bsp/\libhal_bsp.a(alt_irq_vars.o)
 .data          0x00051ed0        0x0 c:/Users/jacob/Documents/Quartus/Prosjektoppgave/I2C_MCU/software/KJIPPER_TAK_2_bsp/\libhal_bsp.a(alt_open.o)
 .data          0x00051ed0        0x0 c:/Users/jacob/Documents/Quartus/Prosjektoppgave/I2C_MCU/software/KJIPPER_TAK_2_bsp/\libhal_bsp.a(alt_tick.o)
 .data          0x00051ed0        0x0 c:/Users/jacob/Documents/Quartus/Prosjektoppgave/I2C_MCU/software/KJIPPER_TAK_2_bsp/\libhal_bsp.a(altera_nios2_gen2_irq.o)
 .data          0x00051ed0        0x0 c:/Users/jacob/Documents/Quartus/Prosjektoppgave/I2C_MCU/software/KJIPPER_TAK_2_bsp/\libhal_bsp.a(alt_exception_entry.o)
 .data          0x00051ed0        0x0 c:/Users/jacob/Documents/Quartus/Prosjektoppgave/I2C_MCU/software/KJIPPER_TAK_2_bsp/\libhal_bsp.a(alt_find_dev.o)
 .data          0x00051ed0        0x0 c:/Users/jacob/Documents/Quartus/Prosjektoppgave/I2C_MCU/software/KJIPPER_TAK_2_bsp/\libhal_bsp.a(alt_find_file.o)
 .data          0x00051ed0        0x0 c:/Users/jacob/Documents/Quartus/Prosjektoppgave/I2C_MCU/software/KJIPPER_TAK_2_bsp/\libhal_bsp.a(alt_get_fd.o)
 .data          0x00051ed0        0x0 c:/Users/jacob/Documents/Quartus/Prosjektoppgave/I2C_MCU/software/KJIPPER_TAK_2_bsp/\libhal_bsp.a(alt_instruction_exception_entry.o)
 .data          0x00051ed0        0x0 c:/intelfpga_lite/23.1std/nios2eds/bin/gnu/h-x86_64-mingw32/bin/../lib/gcc/nios2-elf/12.3.1/../../../../../H-x86_64-mingw32/nios2-elf/lib/mno-hw-mul\libc.a(libc_a-atexit.o)
 .data          0x00051ed0        0x0 c:/intelfpga_lite/23.1std/nios2eds/bin/gnu/h-x86_64-mingw32/bin/../lib/gcc/nios2-elf/12.3.1/../../../../../H-x86_64-mingw32/nios2-elf/lib/mno-hw-mul\libc.a(libc_a-memcmp.o)
 .data          0x00051ed0        0x0 c:/intelfpga_lite/23.1std/nios2eds/bin/gnu/h-x86_64-mingw32/bin/../lib/gcc/nios2-elf/12.3.1/../../../../../H-x86_64-mingw32/nios2-elf/lib/mno-hw-mul\libc.a(libc_a-__atexit.o)
                0x00059ed0                        _gp = ABSOLUTE ((. + 0x8000))
                [!provide]                        PROVIDE (gp = _gp)
 *(.rwdata .rwdata.*)
 *(.sdata .sdata.* .gnu.linkonce.s.*)
 .sdata._impure_ptr
                0x00051ed0        0x4 c:/intelfpga_lite/23.1std/nios2eds/bin/gnu/h-x86_64-mingw32/bin/../lib/gcc/nios2-elf/12.3.1/../../../../../H-x86_64-mingw32/nios2-elf/lib/mno-hw-mul\libc.a(libc_a-impure.o)
                0x00051ed0                _impure_ptr
 .sdata.__malloc_sbrk_base
                0x00051ed4        0x4 c:/intelfpga_lite/23.1std/nios2eds/bin/gnu/h-x86_64-mingw32/bin/../lib/gcc/nios2-elf/12.3.1/../../../../../H-x86_64-mingw32/nios2-elf/lib/mno-hw-mul\libc.a(libc_a-mallocr.o)
                0x00051ed4                __malloc_sbrk_base
 .sdata.__malloc_trim_threshold
                0x00051ed8        0x4 c:/intelfpga_lite/23.1std/nios2eds/bin/gnu/h-x86_64-mingw32/bin/../lib/gcc/nios2-elf/12.3.1/../../../../../H-x86_64-mingw32/nios2-elf/lib/mno-hw-mul\libc.a(libc_a-mallocr.o)
                0x00051ed8                __malloc_trim_threshold
 .sdata         0x00051edc       0x14 c:/Users/jacob/Documents/Quartus/Prosjektoppgave/I2C_MCU/software/KJIPPER_TAK_2_bsp/\libhal_bsp.a(alt_dev.o)
                0x00051edc                alt_fs_list
                0x00051ee4                alt_dev_list
                0x00051eec                alt_max_fd
 .sdata         0x00051ef0        0x4 c:/Users/jacob/Documents/Quartus/Prosjektoppgave/I2C_MCU/software/KJIPPER_TAK_2_bsp/\libhal_bsp.a(alt_errno.o)